advantech@advantech-machine:~/kengwei$ ssh-keygen
Generating public/private rsa key pair.
Enter file in which to save the key (/home/advantech/.ssh/id_rsa):
Created directory '/home/advantech/.ssh'.
Enter passphrase (empty for no passphrase):
Enter same passphrase again:
Your identification has been saved in /home/advantech/.ssh/id_rsa.
Your public key has been saved in /home/advantech/.ssh/id_rsa.pub.
The key fingerprint is:
SHA256:9RZRjBIQvx9uQPqYCbtoTHnnranS/Q+BfnmuskRrV58 advantech@advantech-machine
The key's randomart image is:
+---[RSA 2048]----+
|        oo...+.  |
|         .. ...  |
|          +..    |
|         = o .   |
|     .. S + =    |
|    o .=.* O o . |
|   o o.+O.* = E  |
|    +..+++.=     |
|   ...o.+=ooo    |
+----[SHA256]-----+
advantech@advantech-machine:~/kengwei$ cat /home/advantech/.ssh/id_rsa.pub
ssh-rsa AAAAB3NzaC1yc2EAAAADAQABAAABAQCt/DsUQ9p9fYcoORZurKjrXV6d2bvZqsDeOPVLYw8siB02aM5rgBxZJkwn/kkYwwMaMkvnHlwrtYlysR66+HiwUJ2WWhdIZHowAyrxS+8sBfI8OFEwf3UCgE8BUDsOcVzhfBwBwCKGNA8hqM6syjhEusKYg0+b+VWu7jyZcxsZwpk+SkSx2IOyR33KnPiQv/r0K9pBwKnukWKC/G8p6Le3leRECcfuT5PlzLUCkXSx1nB7f0gb4DjGOXaqCWqs3BOptpPYzLdaOaRBVIWc0N12RSGyOVtOteO/YlAcPj7zrM7fRAlmcAsC83X2Jxnp8R76Uh2oDIUWTXa8KoQVRZUz advantech@advantech-machine
advantech@advantech-machine:~/kengwei$
advantech@advantech-machine:~/kengwei$ git clone git@github.com:likevintw/vincent77.git
Cloning into 'vincent77'...
The authenticity of host 'github.com (20.27.177.113)' can't be established.
ECDSA key fingerprint is SHA256:p2QAMXNIC1TJYWeIOttrVc98/R1BUFWu3/LiyKgUfQM.
Are you sure you want to continue connecting (yes/no)? yes
Warning: Permanently added 'github.com,20.27.177.113' (ECDSA) to the list of known hosts.
Enter passphrase for key '/home/advantech/.ssh/id_rsa':
remote: Enumerating objects: 1151, done.
remote: Counting objects: 100% (1151/1151), done.
remote: Compressing objects: 100% (302/302), done.
remote: Total 1151 (delta 860), reused 1088 (delta 797), pack-reused 0 (from 0)
Receiving objects: 100% (1151/1151), 1.66 MiB | 819.00 KiB/s, done.
Resolving deltas: 100% (860/860), done.
advantech@advantech-machine:~/kengwei$ ls
vincent77
advantech@advantech-machine:~/kengwei$ cd vincent77/
advantech@advantech-machine:~/kengwei/vincent77$ ls
SUSI4.2.23737  SUSI5.0.24139         libSUSI-4.00.so  libjansson.so.4  susiiot.py     test_susiiot.py
SUSI4.2.24139  libEAPI_linux-x86_64  libSusiIoT.so    susi4.py         test_susi4.py
advantech@advantech-machine:~/kengwei/vincent77$ python3 test_susi4.py
EException ignored in: <bound method Susi4.__del__ of <susi4.Susi4 object at 0x7f46d5eef4a8>>
Traceback (most recent call last):
  File "/home/advantech/kengwei/vincent77/susi4.py", line 17, in __del__
    self.susi4_library.SusiLibUninitialize()
AttributeError: 'Susi4' object has no attribute 'susi4_library'

======================================================================
ERROR: test_get_gpio_information (__main__.TestHandler)
----------------------------------------------------------------------
Traceback (most recent call last):
  File "test_susi4.py", line 8, in test_get_gpio_information
    handler = susi4.Susi4()
  File "/home/advantech/kengwei/vincent77/susi4.py", line 8, in __init__
    self.susi4_library = ctypes.CDLL(susi4_library_path)
  File "/usr/lib/python3.6/ctypes/__init__.py", line 348, in __init__
    self._handle = _dlopen(self._name, mode)
OSError: ./libSUSI-4.00.so: cannot open shared object file: No such file or directory

----------------------------------------------------------------------
Ran 1 test in 0.003s

FAILED (errors=1)
advantech@advantech-machine:~/kengwei/vincent77$ export LD_LIBRARY_PATH=$(pwd):$LD_LIBRARY_PATH
advantech@advantech-machine:~/kengwei/vincent77$ python3 test_susi4.py
EException ignored in: <bound method Susi4.__del__ of <susi4.Susi4 object at 0x7ff7b15a1d68>>
Traceback (most recent call last):
  File "/home/advantech/kengwei/vincent77/susi4.py", line 17, in __del__
    self.susi4_library.SusiLibUninitialize()
AttributeError: 'Susi4' object has no attribute 'susi4_library'

======================================================================
ERROR: test_get_gpio_information (__main__.TestHandler)
----------------------------------------------------------------------
Traceback (most recent call last):
  File "test_susi4.py", line 8, in test_get_gpio_information
    handler = susi4.Susi4()
  File "/home/advantech/kengwei/vincent77/susi4.py", line 8, in __init__
    self.susi4_library = ctypes.CDLL(susi4_library_path)
  File "/usr/lib/python3.6/ctypes/__init__.py", line 348, in __init__
    self._handle = _dlopen(self._name, mode)
OSError: ./libSUSI-4.00.so: cannot open shared object file: No such file or directory

----------------------------------------------------------------------
Ran 1 test in 0.002s

FAILED (errors=1)
advantech@advantech-machine:~/kengwei/vincent77$ ls
SUSI4.2.23737  SUSI5.0.24139  libEAPI_linux-x86_64  libSusiIoT.so    susi4.py    test_susi4.py
SUSI4.2.24139  __pycache__    libSUSI-4.00.so       libjansson.so.4  susiiot.py  test_susiiot.py
advantech@advantech-machine:~/kengwei/vincent77$ python3 test_susiiot.py
ssd_name : libSUSIDrv.so
d_name : libDiskInfo.so
libSUSIDrv.so
Not support
Not support
Not support
Not support
Not support
Not support
Not support
Not support
/sys/firmware/dmi/tables/smbios_entry_point: Permission denied
/dev/mem: Permission denied
Not support
Not support
Not support
Not support
Not support
Not support
Not support
Not support
Not support
Not support
Not support
Not support
Not support
Not support
Not support
Not support
Not support
Not support
Not support
Not support
Not support
Not support
Not support
Not support
Not support
Not support
Not support
Not support
Not support
Not support
Not support
Not support
Not support
Not support
Not support
Not support
Not support
Not support
Not support
Not support
Not support
Not support
Not support
Not support
Not support
Not support
Not support
Not support
Not support
Not support
Not support
Not support
Not support
Not support
Not support
Not support
Not support
Not support
Not support
Not support
Not support
Not support
libDiskInfo.so
[16843781, 65536, 131072, 16908801, 16908807, 16908809, 131584, 16908545, 16908548, 131328, 353697792, 353697793, 353698048, 353698049, 353698304, 353698305, 353697792, 257, 256]
.d_name : libSUSIDrv.so
d_name : libDiskInfo.so
libSUSIDrv.so
Not support
Not support
Not support
Not support
Not support
Not support
Not support
Not support
/sys/firmware/dmi/tables/smbios_entry_point: Permission denied
/dev/mem: Permission denied
Not support
Not support
Not support
Not support
Not support
Not support
Not support
Not support
Not support
Not support
Not support
Not support
Not support
Not support
Not support
Not support
Not support
Not support
Not support
Not support
Not support
Not support
Not support
Not support
Not support
Not support
Not support
Not support
Not support
Not support
Not support
Not support
Not support
Not support
Not support
Not support
Not support
Not support
Not support
Not support
Not support
Not support
Not support
Not support
Not support
Not support
Not support
Not support
Not support
Not support
Not support
Not support
Not support
Not support
Not support
Not support
Not support
Not support
Not support
Not support
Not support
Not support
libDiskInfo.so
{'Platform Information': {'e': [{'n': 'BIOS revision', 'sv': 'Not support.', 'asm': 'r', 'id': 16843781}], 'bn': 'Platform Information', 'bt': 1276020076, 'bu': 'info', 'ver': 1, 'id': 65536}, 'Hardware Monitor': {'id': 131072, 'bn': 'Hardware Monitor', 'Voltage': {'e': [{'n': 'VCORE', 'v': 0.83, 'max': 50.0, 'min': 0.0, 'asm': 'r', 'id': 16908801, 'sui': 'Chart'}, {'n': 'V5SB', 'v': 5.18, 'max': 50.0, 'min': 0.0, 'asm': 'r', 'id': 16908807, 'sui': 'Chart'}, {'n': 'VBAT', 'v': 2.87, 'max': 50.0, 'min': 0.0, 'asm': 'r', 'id': 16908809, 'sui': 'Chart'}], 'bn': 'Voltage', 'bt': 1276020076, 'bu': 'V', 'ver': 1, 'id': 131584}, 'Temperature': {'e': [{'n': 'CPU', 'v': 38.0, 'max': 100.0, 'min': 0.0, 'asm': 'r', 'id': 16908545, 'sui': 'Chart'}, {'n': 'CPU2', 'v': 38.0, 'max': 100.0, 'min': 0.0, 'asm': 'r', 'id': 16908548, 'sui': 'Chart'}], 'bn': 'Temperature', 'bt': 1276020076, 'bu': 'Cel', 'ver': 1, 'id': 131328}}, 'DiskInfo': {'e': [{'n': 'Disk - Total Disk Space', 'max': 1073741824, 'min': 0, 'id': 353697792, 'u': 'MB', 'asm': 'r', 'ui': 'Label', 'v': 18644}, {'n': 'Disk - Free Disk Space', 'max': 1073741824, 'min': 0, 'id': 353697793, 'u': 'MB', 'asm': 'r', 'ui': 'Label', 'v': 10132}, {'n': 'Disk -home Total Disk Space', 'max': 1073741824, 'min': 0, 'id': 353698048, 'u': 'MB', 'asm': 'r', 'ui': 'Label', 'v': 36280}, {'n': 'Disk -home Free Disk Space', 'max': 1073741824, 'min': 0, 'id': 353698049, 'u': 'MB', 'asm': 'r', 'ui': 'Label', 'v': 34046}, {'n': 'Disk -media-recovery Total Disk Space', 'max': 1073741824, 'min': 0, 'id': 353698304, 'u': 'MB', 'asm': 'r', 'ui': 'Label', 'v': 4629}, {'n': 'Disk -media-recovery Free Disk Space', 'max': 1073741824, 'min': 0, 'id': 353698305, 'u': 'MB', 'asm': 'r', 'ui': 'Label', 'v': 4111}], 'bn': 'DiskInfo', 'bu': '', 'bt': 1276020076, 'ver': 1, 'id': 353697792}, 'SUSIIoT Information': {'e': [{'n': 'version', 'sv': '1.0.15780', 'asm': 'r', 'id': 257}], 'bn': 'SUSIIoT Information', 'bu': 'Info', 'bt': 1276020076, 'ver': 1, 'id': 256}}
[16843781, 65536, 131072, 16908801, 16908807, 16908809, 131584, 16908545, 16908548, 131328, 353697792, 353697793, 353698048, 353698049, 353698304, 353698305, 353697792, 257, 256]
.d_name : libSUSIDrv.so
d_name : libDiskInfo.so
libSUSIDrv.so
Not support
Not support
Not support
Not support
Not support
Not support
Not support
Not support
/sys/firmware/dmi/tables/smbios_entry_point: Permission denied
/dev/mem: Permission denied
Not support
Not support
Not support
Not support
Not support
Not support
Not support
Not support
Not support
Not support
Not support
Not support
Not support
Not support
Not support
Not support
Not support
Not support
Not support
Not support
Not support
Not support
Not support
Not support
Not support
Not support
Not support
Not support
Not support
Not support
Not support
Not support
Not support
Not support
Not support
Not support
Not support
Not support
Not support
Not support
Not support
Not support
Not support
Not support
Not support
Not support
Not support
Not support
Not support
Not support
Not support
Not support
Not support
Not support
Not support
Not support
Not support
Not support
Not support
Not support
Not support
Not support
libDiskInfo.so
b'{\n                               "Platform Information": {\n                                                              "e": [\n                                                                                             {\n
                                                                                     "n": "BIOS revision",\n
                                                                                                  "sv": "Not support.",\n
                                                                                                               "asm": "r",\n
                                                                                                                  "id": 16843781\n                                                                                             }\n
                    ],\n                                                              "bn": "Platform Information",\n
                                             "bt": 1276020076,\n                                                              "bu": "info",\n                                                              "ver": 1,\n
        "id": 65536\n                               },\n                               "Hardware Monitor": {\n
                                      "id": 131072,\n                                                              "bn": "Hardware Monitor",\n                                                              "Voltage": {\n
                                           "e": [\n
                                         {\n
                                                                 "n": "VCORE",\n
                                                                                                     "v": 0.82,\n

"max": 50.0,\n
                                   "min": 0.0,\n
                                                                     "asm": "r",\n
                                                                                                       "id": 16908801,\n

       "sui": "Chart"\n
             },\n
       {\n
                               "n": "V5SB",\n
                                                                  "v": 5.19,\n
                                                                                                   "max": 50.0,\n

"min": 0.0,\n
                                  "asm": "r",\n
                                                                    "id": 16908807,\n
                                                                                                          "sui": "Chart"\n
                                                                                                                },\n
                                                                                                          {\n
                                                                                                                                  "n": "VBAT",\n
                               "v": 2.88,\n
                                                                "max": 50.0,\n
                                                                                                   "min": 0.0,\n
                                                                                                                                     "asm": "r",\n
                                 "id": 16908809,\n
                                                                       "sui": "Chart"\n
                                                                             }\n
                                       ],\n
  "bn": "Voltage",\n                                                                                             "bt": 1276020076,\n                                                                                             "bu": "V",\n
                                                              "ver": 1,\n
                                "id": 131584\n                                                              },\n
                                        "Temperature": {\n
                 "e": [\n
               {\n
                                       "n": "CPU",\n
                                                                         "v": 38.0,\n
                                                                                                          "max": 100.0,\n

        "min": 0.0,\n
                                          "asm": "r",\n
                                                                            "id": 16908545,\n
                                                                                                                  "sui": "Chart"\n                                                                                                                            },\n
                                                                                                                  {\n

    "n": "CPU2",\n
                                       "v": 38.0,\n
                                                                        "max": 100.0,\n
                                                                                                            "min": 0.0,\n

        "asm": "r",\n
                                          "id": 16908548,\n
                                                                                "sui": "Chart"\n
                                                                                      }\n
                                                ],\n
           "bn": "Temperature",\n                                                                                             "bt": 1276020076,\n                                                                                             "bu": "Cel",\n
                                                                             "ver": 1,\n
                                               "id": 131328\n                                                              }\n                               },\n                               "DiskInfo": {\n
 "e": [\n                                                                                             {\n
                                                                                               "n": "Disk - Total Disk Space",\n                                                                                                                            "max": 1073741824,\n                                                                                                                            "min": 0,\n                                                                                                                            "id": 353697792,\n
   "u": "MB",\n
     "asm": "r",\n
        "ui": "Label",\n
              "v": 18644\n                                                                                             },\n
                                                                                  {\n
                                                                           "n": "Disk - Free Disk Space",\n
                                                                                                 "max": 1073741824,\n
                                                                                                           "min": 0,\n
                                                                                                            "id": 353697793,\n                                                                                                                            "u": "MB",\n                                                                                                                            "asm": "r",\n                                                                                                                            "ui": "Label",\n                                                                                                                            "v": 10132\n                                                                                             },\n
                                                             {\n
                                                      "n": "Disk -home Total Disk Space",\n
                                                                                 "max": 1073741824,\n
                                                                                           "min": 0,\n
                                                                                            "id": 353698048,\n
                                                                                                    "u": "MB",\n
                                                                                                      "asm": "r",\n
                                                                                                         "ui": "Label",\n
                                                                                                               "v": 36280\n
                                                                                  },\n
                                             {\n
                                      "n": "Disk -home Free Disk Space",\n
                                                                "max": 1073741824,\n
                                                                          "min": 0,\n
                                                                           "id": 353698049,\n
                                                                                   "u": "MB",\n
                                                                                     "asm": "r",\n
                                                                                        "ui": "Label",\n
                                                                                              "v": 34046\n
                                                                 },\n
                            {\n
                     "n": "Disk -media-recovery Total Disk Space",\n
                                                          "max": 1073741824,\n
                                                                    "min": 0,\n
                                                                     "id": 353698304,\n
                                                                             "u": "MB",\n
                                                                               "asm": "r",\n
                                                                                  "ui": "Label",\n
                                                                                        "v": 4629\n
                                                          },\n
                     {\n
              "n": "Disk -media-recovery Free Disk Space",\n
                                                  "max": 1073741824,\n
                                                            "min": 0,\n
                                                             "id": 353698305,\n
                                                                     "u": "MB",\n
                                                                       "asm": "r",\n
                                                                          "ui": "Label",\n
                                                                                "v": 4111\n
                                                  }\n                                                              ],\n
                                               "bn": "DiskInfo",\n                                                              "bu": "",\n                                                              "bt": 1276020076,\n
              "ver": 1,\n                                                              "id": 353697792\n
 },\n                               "SUSIIoT Information": {\n                                                              "e": [\n                                                                                             {\n
                                                                                    "n": "version",\n
                                                                                           "sv": "1.0.15780",\n
                                                                                                     "asm": "r",\n
                                                                                                        "id": 257\n
                                                                          }\n
     ],\n                                                              "bn": "SUSIIoT Information",\n
                             "bu": "Info",\n                                                              "bt": 1276020076,\n
                                                     "ver": 1,\n                                                              "id": 256\n                               }\n}'
.
----------------------------------------------------------------------
Ran 5 tests in 3.850s

OK (skipped=2)
advantech@advantech-machine:~/kengwei/vincent77$ ^C
advantech@advantech-machine:~/kengwei/vincent77$
advantech@advantech-machine:~/kengwei/vincent77$
advantech@advantech-machine:~/kengwei/vincent77$ python3 test_susiiot.py ^C
advantech@advantech-machine:~/kengwei/vincent77$ sudo export LD_LIBRARY_PATH=$(pwd):$LD_LIBRARY_PATH^C
advantech@advantech-machine:~/kengwei/vincent77$ sudo python3 test_susiiot.py
[sudo] password for advantech:
ssd_name : libSUSIDrv.so
d_name : libDiskInfo.so
libSUSIDrv.so
Not support
Not support
Not support
Not support
Not support
Not support
Not support
Not support
Not support
Not support
Not support
Not support
Not support
Not support
Not support
Not support
Not support
Not support
Not support
Not support
Not support
Not support
Not support
Not support
Not support
Not support
Not support
Not support
Not support
Not support
Not support
Not support
Not support
Not support
Not support
Not support
Not support
Not support
Not support
Not support
Not support
Not support
Not support
Not support
Not support
Not support
Not support
Not support
Not support
Not support
Not support
Not support
Not support
Not support
Not support
Not support
Not support
Not support
Not support
Not support
Not support
Not support
Not support
Not support
Not support
Not support
Not support
Not support
Not support
libDiskInfo.so
[16843778, 16843781, 65536, 131072, 16908801, 16908807, 16908809, 131584, 16908545, 16908548, 131328, 353697792, 353697793, 353698048, 353698049, 353698304, 353698305, 353697792, 257, 256]
.d_name : libSUSIDrv.so
d_name : libDiskInfo.so
libSUSIDrv.so
Not support
Not support
Not support
Not support
Not support
Not support
Not support
Not support
Not support
Not support
Not support
Not support
Not support
Not support
Not support
Not support
Not support
Not support
Not support
Not support
Not support
Not support
Not support
Not support
Not support
Not support
Not support
Not support
Not support
Not support
Not support
Not support
Not support
Not support
Not support
Not support
Not support
Not support
Not support
Not support
Not support
Not support
Not support
Not support
Not support
Not support
Not support
Not support
Not support
Not support
Not support
Not support
Not support
Not support
Not support
Not support
Not support
Not support
Not support
Not support
Not support
Not support
Not support
Not support
Not support
Not support
Not support
Not support
Not support
libDiskInfo.so
{'Platform Information': {'e': [{'n': 'Board name', 'sv': 'UNO-1372G-J021AE', 'asm': 'r', 'id': 16843778}, {'n': 'BIOS revision', 'sv': 'Not support.', 'asm': 'r', 'id': 16843781}], 'bn': 'Platform Information', 'bt': 1276020076, 'bu': 'info', 'ver': 1, 'id': 65536}, 'Hardware Monitor': {'id': 131072, 'bn': 'Hardware Monitor', 'Voltage': {'e': [{'n': 'VCORE', 'v': 0.83, 'max': 50.0, 'min': 0.0, 'asm': 'r', 'id': 16908801, 'sui': 'Chart'}, {'n': 'V5SB', 'v': 5.17, 'max': 50.0, 'min': 0.0, 'asm': 'r', 'id': 16908807, 'sui': 'Chart'}, {'n': 'VBAT', 'v': 2.88, 'max': 50.0, 'min': 0.0, 'asm': 'r', 'id': 16908809, 'sui': 'Chart'}], 'bn': 'Voltage', 'bt': 1276020076, 'bu': 'V', 'ver': 1, 'id': 131584}, 'Temperature': {'e': [{'n': 'CPU', 'v': 38.0, 'max': 100.0, 'min': 0.0, 'asm': 'r', 'id': 16908545, 'sui': 'Chart'}, {'n': 'CPU2', 'v': 38.0, 'max': 100.0, 'min': 0.0, 'asm': 'r', 'id': 16908548, 'sui': 'Chart'}], 'bn': 'Temperature', 'bt': 1276020076, 'bu': 'Cel', 'ver': 1, 'id': 131328}}, 'DiskInfo': {'e': [{'n': 'Disk - Total Disk Space', 'max': 1073741824, 'min': 0, 'id': 353697792, 'u': 'MB', 'asm': 'r', 'ui': 'Label', 'v': 18644}, {'n': 'Disk - Free Disk Space', 'max': 1073741824, 'min': 0, 'id': 353697793, 'u': 'MB', 'asm': 'r', 'ui': 'Label', 'v': 10132}, {'n': 'Disk -home Total Disk Space', 'max': 1073741824, 'min': 0, 'id': 353698048, 'u': 'MB', 'asm': 'r', 'ui': 'Label', 'v': 36280}, {'n': 'Disk -home Free Disk Space', 'max': 1073741824, 'min': 0, 'id': 353698049, 'u': 'MB', 'asm': 'r', 'ui': 'Label', 'v': 34046}, {'n': 'Disk -media-recovery Total Disk Space', 'max': 1073741824, 'min': 0, 'id': 353698304, 'u': 'MB', 'asm': 'r', 'ui': 'Label', 'v': 4629}, {'n': 'Disk -media-recovery Free Disk Space', 'max': 1073741824, 'min': 0, 'id': 353698305, 'u': 'MB', 'asm': 'r', 'ui': 'Label', 'v': 4111}], 'bn': 'DiskInfo', 'bu': '', 'bt': 1276020076, 'ver': 1, 'id': 353697792}, 'SUSIIoT Information': {'e': [{'n': 'version', 'sv': '1.0.15780', 'asm': 'r', 'id': 257}], 'bn': 'SUSIIoT Information', 'bu': 'Info', 'bt': 1276020076, 'ver': 1, 'id': 256}}
[16843778, 16843781, 65536, 131072, 16908801, 16908807, 16908809, 131584, 16908545, 16908548, 131328, 353697792, 353697793, 353698048, 353698049, 353698304, 353698305, 353697792, 257, 256]
.d_name : libSUSIDrv.so
d_name : libDiskInfo.so
libSUSIDrv.so
Not support
Not support
Not support
Not support
Not support
Not support
Not support
Not support
Not support
Not support
Not support
Not support
Not support
Not support
Not support
Not support
Not support
Not support
Not support
Not support
Not support
Not support
Not support
Not support
Not support
Not support
Not support
Not support
Not support
Not support
Not support
Not support
Not support
Not support
Not support
Not support
Not support
Not support
Not support
Not support
Not support
Not support
Not support
Not support
Not support
Not support
Not support
Not support
Not support
Not support
Not support
Not support
Not support
Not support
Not support
Not support
Not support
Not support
Not support
Not support
Not support
Not support
^CNot support
Not support
Not support
Not support
Not support
Not support
Not support
libDiskInfo.so
Traceback (most recent call last):
  File "test_susiiot.py", line 40, in <module>
    unittest.main()
  File "/usr/lib/python3.6/unittest/main.py", line 95, in __init__
    self.runTests()
  File "/usr/lib/python3.6/unittest/main.py", line 256, in runTests
    self.result = testRunner.run(self.test)
  File "/usr/lib/python3.6/unittest/runner.py", line 176, in run
    test(result)
  File "/usr/lib/python3.6/unittest/suite.py", line 84, in __call__
    return self.run(*args, **kwds)
  File "/usr/lib/python3.6/unittest/suite.py", line 122, in run
    test(result)
  File "/usr/lib/python3.6/unittest/suite.py", line 84, in __call__
    return self.run(*args, **kwds)
  File "/usr/lib/python3.6/unittest/suite.py", line 122, in run
    test(result)
  File "/usr/lib/python3.6/unittest/case.py", line 653, in __call__
    return self.run(*args, **kwds)
  File "/usr/lib/python3.6/unittest/case.py", line 605, in run
    testMethod()
  File "test_susiiot.py", line 19, in test_get_susi_json_t
    handler = susiiot.SusiIot()
  File "/home/advantech/kengwei/vincent77/susiiot.py", line 16, in __init__
    self.initialization()
  File "/home/advantech/kengwei/vincent77/susiiot.py", line 29, in initialization
    self.susi_iot_library_status = self.susi_iot_library.SusiIoTInitialize()
KeyboardInterrupt
advantech@advantech-machine:~/kengwei/vincent77$ sudo python3 test_susiiot.py >> result.txt
ss...
----------------------------------------------------------------------
Ran 5 tests in 3.885s

OK (skipped=2)
advantech@advantech-machine:~/kengwei/vincent77$ ls
SUSI4.2.23737  SUSI5.0.24139  libEAPI_linux-x86_64  libSusiIoT.so    result.txt  susiiot.py     test_susiiot.py
SUSI4.2.24139  __pycache__    libSUSI-4.00.so       libjansson.so.4  susi4.py    test_susi4.py
advantech@advantech-machine:~/kengwei/vincent77$ cat result.txt
[16843778, 16843781, 65536, 131072, 16908801, 16908807, 16908809, 131584, 16908545, 16908548, 131328, 353697792, 353697793, 353698048, 353698049, 353698304, 353698305, 353697792, 257, 256]
{'Platform Information': {'e': [{'n': 'Board name', 'sv': 'UNO-1372G-J021AE', 'asm': 'r', 'id': 16843778}, {'n': 'BIOS revision', 'sv': 'Not support.', 'asm': 'r', 'id': 16843781}], 'bn': 'Platform Information', 'bt': 1276020076, 'bu': 'info', 'ver': 1, 'id': 65536}, 'Hardware Monitor': {'id': 131072, 'bn': 'Hardware Monitor', 'Voltage': {'e': [{'n': 'VCORE', 'v': 0.84, 'max': 50.0, 'min': 0.0, 'asm': 'r', 'id': 16908801, 'sui': 'Chart'}, {'n': 'V5SB', 'v': 5.19, 'max': 50.0, 'min': 0.0, 'asm': 'r', 'id': 16908807, 'sui': 'Chart'}, {'n': 'VBAT', 'v': 2.88, 'max': 50.0, 'min': 0.0, 'asm': 'r', 'id': 16908809, 'sui': 'Chart'}], 'bn': 'Voltage', 'bt': 1276020076, 'bu': 'V', 'ver': 1, 'id': 131584}, 'Temperature': {'e': [{'n': 'CPU', 'v': 38.0, 'max': 100.0, 'min': 0.0, 'asm': 'r', 'id': 16908545, 'sui': 'Chart'}, {'n': 'CPU2', 'v': 38.0, 'max': 100.0, 'min': 0.0, 'asm': 'r', 'id': 16908548, 'sui': 'Chart'}], 'bn': 'Temperature', 'bt': 1276020076, 'bu': 'Cel', 'ver': 1, 'id': 131328}}, 'DiskInfo': {'e': [{'n': 'Disk - Total Disk Space', 'max': 1073741824, 'min': 0, 'id': 353697792, 'u': 'MB', 'asm': 'r', 'ui': 'Label', 'v': 18644}, {'n': 'Disk - Free Disk Space', 'max': 1073741824, 'min': 0, 'id': 353697793, 'u': 'MB', 'asm': 'r', 'ui': 'Label', 'v': 10132}, {'n': 'Disk -home Total Disk Space', 'max': 1073741824, 'min': 0, 'id': 353698048, 'u': 'MB', 'asm': 'r', 'ui': 'Label', 'v': 36280}, {'n': 'Disk -home Free Disk Space', 'max': 1073741824, 'min': 0, 'id': 353698049, 'u': 'MB', 'asm': 'r', 'ui': 'Label', 'v': 34046}, {'n': 'Disk -media-recovery Total Disk Space', 'max': 1073741824, 'min': 0, 'id': 353698304, 'u': 'MB', 'asm': 'r', 'ui': 'Label', 'v': 4629}, {'n': 'Disk -media-recovery Free Disk Space', 'max': 1073741824, 'min': 0, 'id': 353698305, 'u': 'MB', 'asm': 'r', 'ui': 'Label', 'v': 4111}], 'bn': 'DiskInfo', 'bu': '', 'bt': 1276020076, 'ver': 1, 'id': 353697792}, 'SUSIIoT Information': {'e': [{'n': 'version', 'sv': '1.0.15780', 'asm': 'r', 'id': 257}], 'bn': 'SUSIIoT Information', 'bu': 'Info', 'bt': 1276020076, 'ver': 1, 'id': 256}}
[16843778, 16843781, 65536, 131072, 16908801, 16908807, 16908809, 131584, 16908545, 16908548, 131328, 353697792, 353697793, 353698048, 353698049, 353698304, 353698305, 353697792, 257, 256]
b'{\n                               "Platform Information": {\n                                                              "e": [\n                                                                                             {\n
                                                                                     "n": "Board name",\n
                                                                                               "sv": "UNO-1372G-J021AE",\n
                                                                                                                "asm": "r",\n
                                                                                                                   "id": 16843778\n                                                                                             },\n
                                                     {\n
                                              "n": "BIOS revision",\n
                                                           "sv": "Not support.",\n
                                                                        "asm": "r",\n
                                                                           "id": 16843781\n
                                                  }\n                                                              ],\n
                                               "bn": "Platform Information",\n
      "bt": 1276020076,\n                                                              "bu": "info",\n
                              "ver": 1,\n                                                              "id": 65536\n
             },\n                               "Hardware Monitor": {\n                                                              "id": 131072,\n                                                              "bn": "Hardware Monitor",\n
                               "Voltage": {\n
    "e": [\n
  {\n
                          "n": "VCORE",\n
                                                              "v": 0.83,\n
                                                                                               "max": 50.0,\n
                                                                                                                                  "min": 0.0,\n
                              "asm": "r",\n
                                                                "id": 16908801,\n
                                                                                                      "sui": "Chart"\n
                                                                                                            },\n
                                                                                                      {\n
                                                                                                                              "n": "V5SB",\n
                           "v": 5.17,\n
                                                            "max": 50.0,\n
                                                                                               "min": 0.0,\n
                                                                                                                                 "asm": "r",\n
                             "id": 16908807,\n
                                                                   "sui": "Chart"\n
                                                                         },\n
                                                                   {\n
                                                                                           "n": "VBAT",\n
                                                                                                                              "v": 2.87,\n
                         "max": 50.0,\n
                                                            "min": 0.0,\n
                                                                                              "asm": "r",\n
                                                                                                                                "id": 16908809,\n
                                "sui": "Chart"\n
                                      }\n
],\n                                                                                             "bn": "Voltage",\n
                                                                          "bt": 1276020076,\n
                                                    "bu": "V",\n
                       "ver": 1,\n                                                                                             "id": 131584\n                                                              },\n
 "Temperature": {\n                                                                                             "e": [\n
                                                                                                              {\n

"n": "CPU",\n
                                  "v": 38.0,\n
                                                                   "max": 100.0,\n
                                                                                                       "min": 0.0,\n

   "asm": "r",\n
                                     "id": 16908545,\n
                                                                           "sui": "Chart"\n
                                                                                 },\n
                                                                           {\n
                                                                                                   "n": "CPU2",\n

"v": 38.0,\n
                                 "max": 100.0,\n
                                                                     "min": 0.0,\n
                                                                                                       "asm": "r",\n

   "id": 16908548,\n
                                         "sui": "Chart"\n
                                               }\n
         ],\n                                                                                             "bn": "Temperature",\n                                                                                             "bt": 1276020076,\n
                                                                 "bu": "Cel",\n
                                      "ver": 1,\n
        "id": 131328\n                                                              }\n                               },\n
                   "DiskInfo": {\n                                                              "e": [\n
                                                               {\n
                                                        "n": "Disk - Total Disk Space",\n
                                                                               "max": 1073741824,\n
                                                                                         "min": 0,\n
                                                                                          "id": 353697792,\n
                                                                                                  "u": "MB",\n
                                                                                                    "asm": "r",\n
                                                                                                       "ui": "Label",\n
                                                                                                             "v": 18644\n
                                                                                },\n
                                           {\n
                                    "n": "Disk - Free Disk Space",\n
                                                          "max": 1073741824,\n
                                                                    "min": 0,\n
                                                                     "id": 353697793,\n
                                                                             "u": "MB",\n
                                                                               "asm": "r",\n
                                                                                  "ui": "Label",\n
                                                                                        "v": 10132\n
                                                           },\n
                      {\n
               "n": "Disk -home Total Disk Space",\n
                                          "max": 1073741824,\n
                                                    "min": 0,\n
                                                     "id": 353698048,\n
                                                             "u": "MB",\n
                                                               "asm": "r",\n
                                                                  "ui": "Label",\n
                                                                        "v": 36280\n
                                           },\n
      {\n                                                                                                                            "n": "Disk -home Free Disk Space",\n
                         "max": 1073741824,\n
                                   "min": 0,\n
                                    "id": 353698049,\n
                                            "u": "MB",\n
                                              "asm": "r",\n
                                                 "ui": "Label",\n
                                                       "v": 34046\n
                          },\n                                                                                             {\n                                                                                                                            "n": "Disk -media-recovery Total Disk Space",\n
                   "max": 1073741824,\n
                             "min": 0,\n
                              "id": 353698304,\n
                                      "u": "MB",\n
                                        "asm": "r",\n
                                           "ui": "Label",\n
                                                 "v": 4629\n
                   },\n                                                                                             {\n
                                                                                                             "n": "Disk -media-recovery Free Disk Space",\n
           "max": 1073741824,\n
                     "min": 0,\n
                      "id": 353698305,\n
                              "u": "MB",\n
                                "asm": "r",\n
                                   "ui": "Label",\n
                                         "v": 4111\n
           }\n                                                              ],\n
        "bn": "DiskInfo",\n                                                              "bu": "",\n
                            "bt": 1276020076,\n                                                              "ver": 1,\n
                                                "id": 353697792\n                               },\n                               "SUSIIoT Information": {\n                                                              "e": [\n
                                                    {\n
                                             "n": "version",\n
                                                    "sv": "1.0.15780",\n
                                                              "asm": "r",\n
                                                                 "id": 257\n
                                   }\n                                                              ],\n
                                "bn": "SUSIIoT Information",\n                                                              "bu": "Info",\n                                                              "bt": 1276020076,\n
              "ver": 1,\n                                                              "id": 256\n                               }\n}'
d_name : libSUSIDrv.so
d_name : libDiskInfo.so
libSUSIDrv.so
Not support
Not support
Not support
Not support
Not support
Not support
Not support
Not support
Not support
Not support
Not support
Not support
Not support
Not support
Not support
Not support
Not support
Not support
Not support
Not support
Not support
Not support
Not support
Not support
Not support
Not support
Not support
Not support
Not support
Not support
Not support
Not support
Not support
Not support
Not support
Not support
Not support
Not support
Not support
Not support
Not support
Not support
Not support
Not support
Not support
Not support
Not support
Not support
Not support
Not support
Not support
Not support
Not support
Not support
Not support
Not support
Not support
Not support
Not support
Not support
Not support
Not support
Not support
Not support
Not support
Not support
Not support
Not support
Not support
libDiskInfo.so
d_name : libSUSIDrv.so
d_name : libDiskInfo.so
libSUSIDrv.so
Not support
Not support
Not support
Not support
Not support
Not support
Not support
Not support
Not support
Not support
Not support
Not support
Not support
Not support
Not support
Not support
Not support
Not support
Not support
Not support
Not support
Not support
Not support
Not support
Not support
Not support
Not support
Not support
Not support
Not support
Not support
Not support
Not support
Not support
Not support
Not support
Not support
Not support
Not support
Not support
Not support
Not support
Not support
Not support
Not support
Not support
Not support
Not support
Not support
Not support
Not support
Not support
Not support
Not support
Not support
Not support
Not support
Not support
Not support
Not support
Not support
Not support
Not support
Not support
Not support
Not support
Not support
Not support
Not support
libDiskInfo.so
d_name : libSUSIDrv.so
d_name : libDiskInfo.so
libSUSIDrv.so
Not support
Not support
Not support
Not support
Not support
Not support
Not support
Not support
Not support
Not support
Not support
Not support
Not support
Not support
Not support
Not support
Not support
Not support
Not support
Not support
Not support
Not support
Not support
Not support
Not support
Not support
Not support
Not support
Not support
Not support
Not support
Not support
Not support
Not support
Not support
Not support
Not support
Not support
Not support
Not support
Not support
Not support
Not support
Not support
Not support
Not support
Not support
Not support
Not support
Not support
Not support
Not support
Not support
Not support
Not support
Not support
Not support
Not support
Not support
Not support
Not support
Not support
Not support
Not support
Not support
Not support
Not support
Not support
Not support
libDiskInfo.so
advantech@advantech-machine:~/kengwei/vincent77$
advantech@advantech-machine:~/kengwei/vincent77$
advantech@advantech-machine:~/kengwei/vincent77$ python3 test_susiiot.py >> no_sudo_result.txt
ss/sys/firmware/dmi/tables/smbios_entry_point: Permission denied
/dev/mem: Permission denied
./sys/firmware/dmi/tables/smbios_entry_point: Permission denied
/dev/mem: Permission denied
./sys/firmware/dmi/tables/smbios_entry_point: Permission denied
/dev/mem: Permission denied
.
----------------------------------------------------------------------
Ran 5 tests in 3.800s

OK (skipped=2)
advantech@advantech-machine:~/kengwei/vincent77$
advantech@advantech-machine:~/kengwei/vincent77$
advantech@advantech-machine:~/kengwei/vincent77$ python3 test_susi4.py
EException ignored in: <bound method Susi4.__del__ of <susi4.Susi4 object at 0x7f24b8c8bdd8>>
Traceback (most recent call last):
  File "/home/advantech/kengwei/vincent77/susi4.py", line 17, in __del__
    self.susi4_library.SusiLibUninitialize()
AttributeError: 'Susi4' object has no attribute 'susi4_library'

======================================================================
ERROR: test_get_gpio_information (__main__.TestHandler)
----------------------------------------------------------------------
Traceback (most recent call last):
  File "test_susi4.py", line 8, in test_get_gpio_information
    handler = susi4.Susi4()
  File "/home/advantech/kengwei/vincent77/susi4.py", line 8, in __init__
    self.susi4_library = ctypes.CDLL(susi4_library_path)
  File "/usr/lib/python3.6/ctypes/__init__.py", line 348, in __init__
    self._handle = _dlopen(self._name, mode)
OSError: ./libSUSI-4.00.so: cannot open shared object file: No such file or directory

----------------------------------------------------------------------
Ran 1 test in 0.002s

FAILED (errors=1)
advantech@advantech-machine:~/kengwei/vincent77$ ls
SUSI4.2.23737  SUSI5.0.24139  libEAPI_linux-x86_64  libSusiIoT.so    no_sudo_result.txt  susi4.py    test_susi4.py
SUSI4.2.24139  __pycache__    libSUSI-4.00.so       libjansson.so.4  result.txt          susiiot.py  test_susiiot.py
advantech@advantech-machine:~/kengwei/vincent77$ cd SUSI4.2.24139/
advantech@advantech-machine:~/kengwei/vincent77/SUSI4.2.24139$ ls
Driver  README  SUSIIoTDEMO  Susi4Demo  license.rtf
advantech@advantech-machine:~/kengwei/vincent77/SUSI4.2.24139$ cd Susi4Demo/
advantech@advantech-machine:~/kengwei/vincent77/SUSI4.2.24139/Susi4Demo$ ls
Makefile          gpio.o  libSUSI-4.00.so        origin_main.c       set.o       susi4.py             vga.o
OsDeclarations.h  hwm.c   libSUSI-4.00.so.1      original_gpio.c     smartfan.c  susidemo4            wdog.c
Susi4.h           hwm.d   libSUSI-4.00.so.1.0.0  os_linux.h          smartfan.d  svnversion.h         wdog.d
common.c          hwm.o   libkengwei.so          os_qnx.h            smartfan.o  test_susi4.py        wdog.o
common.d          iic.c   main.c                 os_vxworks.h        smb.c       thermalprotection.c
common.h          iic.d   main.d                 os_wince.h          smb.d       thermalprotection.d
common.o          iic.o   main.o                 os_windows.h        smb.o       thermalprotection.o
demo_env.mak      info.c  network.c              run_single_test.sh  storage.c   version.h
gpio.c            info.d  network.d              set.c               storage.d   vga.c
gpio.d            info.o  network.o              set.d               storage.o   vga.d
advantech@advantech-machine:~/kengwei/vincent77/SUSI4.2.24139/Susi4Demo$ cp libSUSI-4.00.so ../../
advantech@advantech-machine:~/kengwei/vincent77/SUSI4.2.24139/Susi4Demo$ cd ../.../
-bash: cd: ../.../: No such file or directory
advantech@advantech-machine:~/kengwei/vincent77/SUSI4.2.24139/Susi4Demo$ ls
Makefile          gpio.o  libSUSI-4.00.so        origin_main.c       set.o       susi4.py             vga.o
OsDeclarations.h  hwm.c   libSUSI-4.00.so.1      original_gpio.c     smartfan.c  susidemo4            wdog.c
Susi4.h           hwm.d   libSUSI-4.00.so.1.0.0  os_linux.h          smartfan.d  svnversion.h         wdog.d
common.c          hwm.o   libkengwei.so          os_qnx.h            smartfan.o  test_susi4.py        wdog.o
common.d          iic.c   main.c                 os_vxworks.h        smb.c       thermalprotection.c
common.h          iic.d   main.d                 os_wince.h          smb.d       thermalprotection.d
common.o          iic.o   main.o                 os_windows.h        smb.o       thermalprotection.o
demo_env.mak      info.c  network.c              run_single_test.sh  storage.c   version.h
gpio.c            info.d  network.d              set.c               storage.d   vga.c
gpio.d            info.o  network.o              set.d               storage.o   vga.d
advantech@advantech-machine:~/kengwei/vincent77/SUSI4.2.24139/Susi4Demo$ cd ../../
advantech@advantech-machine:~/kengwei/vincent77$ ls
SUSI4.2.23737  SUSI5.0.24139  libEAPI_linux-x86_64  libSusiIoT.so    no_sudo_result.txt  susi4.py    test_susi4.py
SUSI4.2.24139  __pycache__    libSUSI-4.00.so       libjansson.so.4  result.txt          susiiot.py  test_susiiot.py
advantech@advantech-machine:~/kengwei/vincent77$ python3 test_susi4.py
EException ignored in: <bound method Susi4.__del__ of <susi4.Susi4 object at 0x7f1b4ff7cda0>>
Traceback (most recent call last):
  File "/home/advantech/kengwei/vincent77/susi4.py", line 17, in __del__
    self.susi4_library.SusiLibUninitialize()
AttributeError: 'Susi4' object has no attribute 'susi4_library'

======================================================================
ERROR: test_get_gpio_information (__main__.TestHandler)
----------------------------------------------------------------------
Traceback (most recent call last):
  File "test_susi4.py", line 8, in test_get_gpio_information
    handler = susi4.Susi4()
  File "/home/advantech/kengwei/vincent77/susi4.py", line 8, in __init__
    self.susi4_library = ctypes.CDLL(susi4_library_path)
  File "/usr/lib/python3.6/ctypes/__init__.py", line 348, in __init__
    self._handle = _dlopen(self._name, mode)
OSError: ./libSUSI-4.00.so: cannot open shared object file: No such file or directory

----------------------------------------------------------------------
Ran 1 test in 0.002s

FAILED (errors=1)
advantech@advantech-machine:~/kengwei/vincent77$ chmod 777 *.so
advantech@advantech-machine:~/kengwei/vincent77$ python3 test_susi4.py
EException ignored in: <bound method Susi4.__del__ of <susi4.Susi4 object at 0x7f29fea5cda0>>
Traceback (most recent call last):
  File "/home/advantech/kengwei/vincent77/susi4.py", line 17, in __del__
    self.susi4_library.SusiLibUninitialize()
AttributeError: 'Susi4' object has no attribute 'susi4_library'

======================================================================
ERROR: test_get_gpio_information (__main__.TestHandler)
----------------------------------------------------------------------
Traceback (most recent call last):
  File "test_susi4.py", line 8, in test_get_gpio_information
    handler = susi4.Susi4()
  File "/home/advantech/kengwei/vincent77/susi4.py", line 8, in __init__
    self.susi4_library = ctypes.CDLL(susi4_library_path)
  File "/usr/lib/python3.6/ctypes/__init__.py", line 348, in __init__
    self._handle = _dlopen(self._name, mode)
OSError: ./libSUSI-4.00.so: cannot open shared object file: No such file or directory

----------------------------------------------------------------------
Ran 1 test in 0.002s

FAILED (errors=1)
advantech@advantech-machine:~/kengwei/vincent77$ file libSUSI-4.00.so
libSUSI-4.00.so: ELF 64-bit LSB shared object, ARM aarch64, version 1 (SYSV), dynamically linked, BuildID[sha1]=ec641d43d9c77fc9e4f237fe661dc51080962e1c, stripped
advantech@advantech-machine:~/kengwei/vincent77$ file libSUSI-4.00.so^C
advantech@advantech-machine:~/kengwei/vincent77$ ls
SUSI4.2.23737  SUSI5.0.24139  libEAPI_linux-x86_64  libSusiIoT.so    no_sudo_result.txt  susi4.py    test_susi4.py
SUSI4.2.24139  __pycache__    libSUSI-4.00.so       libjansson.so.4  result.txt          susiiot.py  test_susiiot.py
advantech@advantech-machine:~/kengwei/vincent77$ file libSusiIoT.so
libSusiIoT.so: ELF 64-bit LSB shared object, ARM aarch64, version 1 (SYSV), dynamically linked, BuildID[sha1]=0b433db07d6b0be18f2de320ecfbf447b3910cd7, stripped
advantech@advantech-machine:~/kengwei/vincent77$ ls -al|grep .s0
advantech@advantech-machine:~/kengwei/vincent77$ ls -al|grep .so
-rwxrwxrwx 1 advantech advantech 222584 Feb 24 13:36 libSUSI-4-Arm.00.so
-rwxrwxrwx 1 advantech advantech 106232 Feb 24 13:26 libSusiIoTArm.so
-rw-r--r-- 1 advantech advantech 262336 Feb 24 13:26 libjanssonArm.so.4
advantech@advantech-machine:~/kengwei/vincent77$ file libSUSI-4-Arm.00.so
libSUSI-4-Arm.00.so: ELF 64-bit LSB shared object, ARM aarch64, version 1 (SYSV), dynamically linked, BuildID[sha1]=ec641d43d9c77fc9e4f237fe661dc51080962e1c, stripped
advantech@advantech-machine:~/kengwei/vincent77$ file libSusiIoTArm.so
libSusiIoTArm.so: ELF 64-bit LSB shared object, ARM aarch64, version 1 (SYSV), dynamically linked, BuildID[sha1]=0b433db07d6b0be18f2de320ecfbf447b3910cd7, stripped
advantech@advantech-machine:~/kengwei/vincent77$ file libjanssonArm.so.4
libjanssonArm.so.4: ELF 64-bit LSB shared object, ARM aarch64, version 1 (SYSV), dynamically linked, BuildID[sha1]=06cec0d4e1a0e324eff7519ef708f07232ffe0a7, with debug_info, not stripped
advantech@advantech-machine:~/kengwei/vincent77$ git status
On branch master
Your branch is up to date with 'origin/master'.

Changes to be committed:
  (use "git reset HEAD <file>..." to unstage)

        new file:   __pycache__/susi4.cpython-36.pyc
        new file:   __pycache__/susiiot.cpython-36.pyc
        renamed:    libSUSI-4.00.so -> libSUSI-4-Arm.00.so
        renamed:    libSusiIoT.so -> libSusiIoTArm.so
        renamed:    libjansson.so.4 -> libjanssonArm.so.4
        new file:   no_sudo_result.txt
        new file:   result.txt
        modified:   susi4.py
        modified:   susiiot.py

advantech@advantech-machine:~/kengwei/vincent77$ git checkout rm  __pycache__/susi4.cpython-36.pyc
error: pathspec 'rm' did not match any file(s) known to git.
advantech@advantech-machine:~/kengwei/vincent77$ git checkout --  __pycache__/susi4.cpython-36.pyc
advantech@advantech-machine:~/kengwei/vincent77$ git status
On branch master
Your branch is up to date with 'origin/master'.

Changes to be committed:
  (use "git reset HEAD <file>..." to unstage)

        new file:   __pycache__/susi4.cpython-36.pyc
        new file:   __pycache__/susiiot.cpython-36.pyc
        renamed:    libSUSI-4.00.so -> libSUSI-4-Arm.00.so
        renamed:    libSusiIoT.so -> libSusiIoTArm.so
        renamed:    libjansson.so.4 -> libjanssonArm.so.4
        new file:   no_sudo_result.txt
        new file:   result.txt
        modified:   susi4.py
        modified:   susiiot.py

advantech@advantech-machine:~/kengwei/vincent77$ git reset __pycache__/susi4.cpython-36.pyc
advantech@advantech-machine:~/kengwei/vincent77$ git reset __pycache__/susiiot.cpython-36.pyc
advantech@advantech-machine:~/kengwei/vincent77$ git config --global user.name "likevintw"
advantech@advantech-machine:~/kengwei/vincent77$ git config --global user.email "likevintw@gmail.com"
advantech@advantech-machine:~/kengwei/vincent77$ git push origin master
Enter passphrase for key '/home/advantech/.ssh/id_rsa':
Counting objects: 7, done.
Delta compression using up to 4 threads.
Compressing objects: 100% (6/6), done.
Writing objects: 100% (7/7), 2.37 KiB | 1.18 MiB/s, done.
Total 7 (delta 3), reused 0 (delta 0)
remote: Resolving deltas: 100% (3/3), completed with 2 local objects.
To github.com:likevintw/vincent77.git
   9998655..36785ce  master -> master
advantech@advantech-machine:~/kengwei/vincent77$ git pull origin master
Enter passphrase for key '/home/advantech/.ssh/id_rsa':
remote: Enumerating objects: 4, done.
remote: Counting objects: 100% (4/4), done.
remote: Compressing objects: 100% (2/2), done.
remote: Total 3 (delta 1), reused 3 (delta 1), pack-reused 0 (from 0)
Unpacking objects: 100% (3/3), done.
From github.com:likevintw/vincent77
 * branch            master     -> FETCH_HEAD
   36785ce..407aab6  master     -> origin/master
Updating 36785ce..407aab6
Fast-forward
 SOM-3569_SUSI5.0.23985_Release_2024_05_20_ubuntu22.04_x64.tar.gz | Bin 0 -> 1612338 bytes
 1 file changed, 0 insertions(+), 0 deletions(-)
 create mode 100644 SOM-3569_SUSI5.0.23985_Release_2024_05_20_ubuntu22.04_x64.tar.gz
advantech@advantech-machine:~/kengwei/vincent77$ ls
SOM-3569_SUSI5.0.23985_Release_2024_05_20_ubuntu22.04_x64.tar.gz  __pycache__           libjanssonArm.so.4  susiiot.py
SUSI4.2.23737                                                     libEAPI_linux-x86_64  no_sudo_result.txt  test_susi4.py
SUSI4.2.24139                                                     libSUSI-4-Arm.00.so   result.txt          test_susiiot.py
SUSI5.0.24139                                                     libSusiIoTArm.so      susi4.py
advantech@advantech-machine:~/kengwei/vincent77$ ls -al
total 2268
drwxr-xr-x 8 advantech advantech    4096 Feb 24 13:53 .
drwxr-xr-x 3 advantech advantech    4096 Feb 24 13:25 ..
drwxr-xr-x 8 advantech advantech    4096 Feb 24 13:53 .git
-rw-r--r-- 1 advantech advantech      14 Feb 24 13:48 .gitignore
-rw-r--r-- 1 advantech advantech 1612338 Feb 24 13:53 SOM-3569_SUSI5.0.23985_Release_2024_05_20_ubuntu22.04_x64.tar.gz
drwxr-xr-x 5 advantech advantech    4096 Feb 24 13:26 SUSI4.2.23737
drwxr-xr-x 5 advantech advantech    4096 Feb 24 13:26 SUSI4.2.24139
drwxr-xr-x 6 advantech advantech    4096 Feb 24 13:26 SUSI5.0.24139
drwxr-xr-x 2 advantech advantech    4096 Feb 24 13:28 __pycache__
drwxr-xr-x 3 advantech advantech    4096 Feb 24 13:26 libEAPI_linux-x86_64
-rwxrwxrwx 1 advantech advantech  222584 Feb 24 13:36 libSUSI-4-Arm.00.so
-rwxrwxrwx 1 advantech advantech  106232 Feb 24 13:26 libSusiIoTArm.so
-rw-r--r-- 1 advantech advantech  262336 Feb 24 13:26 libjanssonArm.so.4
-rw-r--r-- 1 advantech advantech   25649 Feb 24 13:33 no_sudo_result.txt
-rw-r--r-- 1 advantech advantech   26473 Feb 24 13:28 result.txt
-rw-r--r-- 1 advantech advantech    1598 Feb 24 13:44 susi4.py
-rw-r--r-- 1 advantech advantech    3176 Feb 24 13:44 susiiot.py
-rw-r--r-- 1 advantech advantech     238 Feb 24 13:26 test_susi4.py
-rw-r--r-- 1 advantech advantech    1114 Feb 24 13:26 test_susiiot.py
advantech@advantech-machine:~/kengwei/vincent77$ ls -alh
total 2.3M
drwxr-xr-x 8 advantech advantech 4.0K Feb 24 13:53 .
drwxr-xr-x 3 advantech advantech 4.0K Feb 24 13:25 ..
drwxr-xr-x 8 advantech advantech 4.0K Feb 24 13:53 .git
-rw-r--r-- 1 advantech advantech   14 Feb 24 13:48 .gitignore
-rw-r--r-- 1 advantech advantech 1.6M Feb 24 13:53 SOM-3569_SUSI5.0.23985_Release_2024_05_20_ubuntu22.04_x64.tar.gz
drwxr-xr-x 5 advantech advantech 4.0K Feb 24 13:26 SUSI4.2.23737
drwxr-xr-x 5 advantech advantech 4.0K Feb 24 13:26 SUSI4.2.24139
drwxr-xr-x 6 advantech advantech 4.0K Feb 24 13:26 SUSI5.0.24139
drwxr-xr-x 2 advantech advantech 4.0K Feb 24 13:28 __pycache__
drwxr-xr-x 3 advantech advantech 4.0K Feb 24 13:26 libEAPI_linux-x86_64
-rwxrwxrwx 1 advantech advantech 218K Feb 24 13:36 libSUSI-4-Arm.00.so
-rwxrwxrwx 1 advantech advantech 104K Feb 24 13:26 libSusiIoTArm.so
-rw-r--r-- 1 advantech advantech 257K Feb 24 13:26 libjanssonArm.so.4
-rw-r--r-- 1 advantech advantech  26K Feb 24 13:33 no_sudo_result.txt
-rw-r--r-- 1 advantech advantech  26K Feb 24 13:28 result.txt
-rw-r--r-- 1 advantech advantech 1.6K Feb 24 13:44 susi4.py
-rw-r--r-- 1 advantech advantech 3.2K Feb 24 13:44 susiiot.py
-rw-r--r-- 1 advantech advantech  238 Feb 24 13:26 test_susi4.py
-rw-r--r-- 1 advantech advantech 1.1K Feb 24 13:26 test_susiiot.py
advantech@advantech-machine:~/kengwei/vincent77$ tar -xzvf S
SOM-3569_SUSI5.0.23985_Release_2024_05_20_ubuntu22.04_x64.tar.gz  SUSI4.2.24139/
SUSI4.2.23737/                                                    SUSI5.0.24139/
advantech@advantech-machine:~/kengwei/vincent77$ tar -xzvf S
SOM-3569_SUSI5.0.23985_Release_2024_05_20_ubuntu22.04_x64.tar.gz  SUSI4.2.24139/
SUSI4.2.23737/                                                    SUSI5.0.24139/
advantech@advantech-machine:~/kengwei/vincent77$ tar -xzvf SOM-3569_SUSI5.0.23985_Release_2024_05_20_ubuntu22.04_x64.tar.gz
SUSI5.0.23985/
SUSI5.0.23985/Susi4Demo/
SUSI5.0.23985/Susi4Demo/wdog.o
SUSI5.0.23985/Susi4Demo/storage.o
SUSI5.0.23985/Susi4Demo/set.d
SUSI5.0.23985/Susi4Demo/set.c
SUSI5.0.23985/Susi4Demo/network.d
SUSI5.0.23985/Susi4Demo/main.d
SUSI5.0.23985/Susi4Demo/thermalprotection.d
SUSI5.0.23985/Susi4Demo/main.c
SUSI5.0.23985/Susi4Demo/smb.d
SUSI5.0.23985/Susi4Demo/vga.o
SUSI5.0.23985/Susi4Demo/smartfan.c
SUSI5.0.23985/Susi4Demo/info.o
SUSI5.0.23985/Susi4Demo/network.c
SUSI5.0.23985/Susi4Demo/common.o
SUSI5.0.23985/Susi4Demo/wdog.d
SUSI5.0.23985/Susi4Demo/main.o
SUSI5.0.23985/Susi4Demo/storage.d
SUSI5.0.23985/Susi4Demo/os_qnx.h
SUSI5.0.23985/Susi4Demo/os_wince.h
SUSI5.0.23985/Susi4Demo/version.h
SUSI5.0.23985/Susi4Demo/vga.c
SUSI5.0.23985/Susi4Demo/gpio.o
SUSI5.0.23985/Susi4Demo/hwm.d
SUSI5.0.23985/Susi4Demo/smartfan.d
SUSI5.0.23985/Susi4Demo/susidemo4
SUSI5.0.23985/Susi4Demo/iic.o
SUSI5.0.23985/Susi4Demo/os_windows.h
SUSI5.0.23985/Susi4Demo/svnversion.h
SUSI5.0.23985/Susi4Demo/thermalprotection.c
SUSI5.0.23985/Susi4Demo/os_linux.h
SUSI5.0.23985/Susi4Demo/thermalprotection.o
SUSI5.0.23985/Susi4Demo/os_vxworks.h
SUSI5.0.23985/Susi4Demo/OsDeclarations.h
SUSI5.0.23985/Susi4Demo/storage.c
SUSI5.0.23985/Susi4Demo/Makefile
SUSI5.0.23985/Susi4Demo/vga.d
SUSI5.0.23985/Susi4Demo/common.c
SUSI5.0.23985/Susi4Demo/common.d
SUSI5.0.23985/Susi4Demo/hwm.c
SUSI5.0.23985/Susi4Demo/set.o
SUSI5.0.23985/Susi4Demo/info.d
SUSI5.0.23985/Susi4Demo/iic.c
SUSI5.0.23985/Susi4Demo/smb.o
SUSI5.0.23985/Susi4Demo/Susi4.h
SUSI5.0.23985/Susi4Demo/smartfan.o
SUSI5.0.23985/Susi4Demo/smb.c
SUSI5.0.23985/Susi4Demo/gpio.d
SUSI5.0.23985/Susi4Demo/hwm.o
SUSI5.0.23985/Susi4Demo/demo_env.mak
SUSI5.0.23985/Susi4Demo/common.h
SUSI5.0.23985/Susi4Demo/info.c
SUSI5.0.23985/Susi4Demo/network.o
SUSI5.0.23985/Susi4Demo/gpio.c
SUSI5.0.23985/Susi4Demo/iic.d
SUSI5.0.23985/Susi4Demo/wdog.c
SUSI5.0.23985/SusiAiDemo/
SUSI5.0.23985/SusiAiDemo/SusiAi.h
SUSI5.0.23985/SusiAiDemo/SusiAiDemo
SUSI5.0.23985/SusiAiDemo/ai.c
SUSI5.0.23985/SusiAiDemo/version.h
SUSI5.0.23985/SusiAiDemo/svnversion.h
SUSI5.0.23985/SusiAiDemo/os_linux.h
SUSI5.0.23985/SusiAiDemo/OsDeclarations.h
SUSI5.0.23985/SusiAiDemo/Makefile
SUSI5.0.23985/SusiAiDemo/os_winnt.h
SUSI5.0.23985/SusiAiDemo/Susi4.h
SUSI5.0.23985/Driver/
SUSI5.0.23985/Driver/libSUSI-3.02.so
SUSI5.0.23985/Driver/libSUSI-4.00.so.1.0.0
SUSI5.0.23985/Driver/libSUSIAI.so
SUSI5.0.23985/Driver/libSusiIoT.so
SUSI5.0.23985/Driver/AI/
SUSI5.0.23985/Driver/AI/service/
SUSI5.0.23985/Driver/AI/service/unInstall_SusiService.sh
SUSI5.0.23985/Driver/AI/service/exeSusiService.sh
SUSI5.0.23985/Driver/AI/service/update_SusiService.sh
SUSI5.0.23985/Driver/AI/service/install_SusiService.sh
SUSI5.0.23985/Driver/AI/service/susi_api_server.service
SUSI5.0.23985/Driver/AI/service/Susi_X86_64_Service
SUSI5.0.23985/Driver/libSUSIDevice.so
SUSI5.0.23985/Driver/libEApi.so.1
SUSI5.0.23985/Driver/libSUSI-4.00.so.1
SUSI5.0.23985/Driver/libSUSI-3.02.so.1.0.8
SUSI5.0.23985/Driver/libjansson.so.4
SUSI5.0.23985/Driver/install.sh
SUSI5.0.23985/Driver/ini/
SUSI5.0.23985/Driver/ini/PCM-9362D .ini
SUSI5.0.23985/Driver/ini/ECU-4784-5899.ini
SUSI5.0.23985/Driver/ini/IQM77-PPP3.ini
SUSI5.0.23985/Driver/ini/PCM-U305.ini
SUSI5.0.23985/Driver/ini/ITA-460.ini
SUSI5.0.23985/Driver/ini/SIMB-351.ini
SUSI5.0.23985/Driver/ini/AIMB-286.ini
SUSI5.0.23985/Driver/ini/POC-W216.ini
SUSI5.0.23985/Driver/ini/ARK-2150.ini
SUSI5.0.23985/Driver/ini/ARK-2251.ini
SUSI5.0.23985/Driver/ini/PCM-U306.ini
SUSI5.0.23985/Driver/ini/PCM-3356.ini
SUSI5.0.23985/Driver/ini/AIIS-1240E.ini
SUSI5.0.23985/Driver/ini/PCM-8503A.ini
SUSI5.0.23985/Driver/ini/AIR-500D.ini
SUSI5.0.23985/Driver/ini/ARK-5280.ini
SUSI5.0.23985/Driver/ini/UTC-520H.ini
SUSI5.0.23985/Driver/ini/UNO-2174A.ini
SUSI5.0.23985/Driver/ini/ECU-5790.ini
SUSI5.0.23985/Driver/ini/AIMB-210.ini
SUSI5.0.23985/Driver/ini/UNO-3083G.ini
SUSI5.0.23985/Driver/ini/DMS-SA23.ini
SUSI5.0.23985/Driver/ini/AIMB-701.ini
SUSI5.0.23985/Driver/ini/PCA-6763.ini
SUSI5.0.23985/Driver/ini/PCM-8510.ini
SUSI5.0.23985/Driver/ini/ITA-1611I.ini
SUSI5.0.23985/Driver/ini/ASMB-976.ini
SUSI5.0.23985/Driver/ini/EIS-D210.ini
SUSI5.0.23985/Driver/ini/EBC-NA01.ini
SUSI5.0.23985/Driver/ini/AIIS-1240.ini
SUSI5.0.23985/Driver/ini/PPC-3171-8213.ini
SUSI5.0.23985/Driver/ini/PCE-7127.ini
SUSI5.0.23985/Driver/ini/DMS-SA15.ini
SUSI5.0.23985/Driver/ini/AIMB-280.ini
SUSI5.0.23985/Driver/ini/MIO-5152.ini
SUSI5.0.23985/Driver/ini/ICDT-IB2.ini
SUSI5.0.23985/Driver/ini/AIMB-585SV.ini
SUSI5.0.23985/Driver/ini/AIMB-769.ini
SUSI5.0.23985/Driver/ini/PCM-8205.ini
SUSI5.0.23985/Driver/ini/POC-W156.ini
SUSI5.0.23985/Driver/ini/UNO-2184G-D64E.ini
SUSI5.0.23985/Driver/ini/PCM-8200.ini
SUSI5.0.23985/Driver/ini/PCI-7031.ini
SUSI5.0.23985/Driver/ini/ARK-3532.ini
SUSI5.0.23985/Driver/ini/ARK-2250V.ini
SUSI5.0.23985/Driver/ini/DMS-GF70.ini
SUSI5.0.23985/Driver/ini/MIO-5154.ini
SUSI5.0.23985/Driver/ini/ARS-2610.ini
SUSI5.0.23985/Driver/ini/AIMB-705.ini
SUSI5.0.23985/Driver/ini/UTC-520I.ini
SUSI5.0.23985/Driver/ini/SIMB-A31.ini
SUSI5.0.23985/Driver/ini/AIMB-212D.ini
SUSI5.0.23985/Driver/ini/EBC-AC51.ini
SUSI5.0.23985/Driver/ini/MIO-2360.ini
SUSI5.0.23985/Driver/ini/PCM-3365.ini
SUSI5.0.23985/Driver/ini/PPC-3151W-8213H.ini
SUSI5.0.23985/Driver/ini/ITA-7220.ini
SUSI5.0.23985/Driver/ini/PCM-8528.ini
SUSI5.0.23985/Driver/ini/AIMB-522.ini
SUSI5.0.23985/Driver/ini/SIMB-683.ini
SUSI5.0.23985/Driver/ini/MIC-770V3W.ini
SUSI5.0.23985/Driver/ini/EBC-MB06.ini
SUSI5.0.23985/Driver/ini/SOM-E780.ini
SUSI5.0.23985/Driver/ini/PCM-3353.ini
SUSI5.0.23985/Driver/ini/AIMB-215.ini
SUSI5.0.23985/Driver/ini/UTC-520J.ini
SUSI5.0.23985/Driver/ini/ARK-3403.ini
SUSI5.0.23985/Driver/ini/AIMB-785SS.ini
SUSI5.0.23985/Driver/ini/AIMB-584.ini
SUSI5.0.23985/Driver/ini/MIO-3360.ini
SUSI5.0.23985/Driver/ini/SOM-5885.ini
SUSI5.0.23985/Driver/ini/AIMB-221.ini
SUSI5.0.23985/Driver/ini/PCM-9562N.ini
SUSI5.0.23985/Driver/ini/ARK-2231R.ini
SUSI5.0.23985/Driver/ini/DMS-SA21.ini
SUSI5.0.23985/Driver/ini/PCM-8409.ini
SUSI5.0.23985/Driver/ini/ITA-5420.ini
SUSI5.0.23985/Driver/ini/IBSW-IB.ini
SUSI5.0.23985/Driver/ini/PCA-6029.ini
SUSI5.0.23985/Driver/ini/SOM-7562.ini
SUSI5.0.23985/Driver/ini/MIC-770V3H.ini
SUSI5.0.23985/Driver/ini/ARK-6322.ini
SUSI5.0.23985/Driver/ini/PCM-8506.ini
SUSI5.0.23985/Driver/ini/PCM-8711.ini
SUSI5.0.23985/Driver/ini/ARK-3510E.ini
SUSI5.0.23985/Driver/ini/MIO-3260.ini
SUSI5.0.23985/Driver/ini/ARK-3393.ini
SUSI5.0.23985/Driver/ini/AIMB-270.ini
SUSI5.0.23985/Driver/ini/ASMB-831.ini
SUSI5.0.23985/Driver/ini/ARK-2121F.ini
SUSI5.0.23985/Driver/ini/PCA-6010.ini
SUSI5.0.23985/Driver/ini/UNO-2178A.ini
SUSI5.0.23985/Driver/ini/ARK-1360.ini
SUSI5.0.23985/Driver/ini/EBC-AF01.ini
SUSI5.0.23985/Driver/ini/AIIS-1200.ini
SUSI5.0.23985/Driver/ini/SYS-HS02.ini
SUSI5.0.23985/Driver/ini/PPC-3151-8213.ini
SUSI5.0.23985/Driver/ini/AIR-200.ini
SUSI5.0.23985/Driver/ini/AIMB-Z50.ini
SUSI5.0.23985/Driver/ini/UNO-2173.ini
SUSI5.0.23985/Driver/ini/AIMB-213JD.ini
SUSI5.0.23985/Driver/ini/ARK-1123L.ini
SUSI5.0.23985/Driver/ini/PCM-9693.ini
SUSI5.0.23985/Driver/ini/DS-562.ini
SUSI5.0.23985/Driver/ini/ICDT-PBP3.ini
SUSI5.0.23985/Driver/ini/WISE-3310.ini
SUSI5.0.23985/Driver/ini/PCM-9590.ini
SUSI5.0.23985/Driver/ini/AIMB-Z51.ini
SUSI5.0.23985/Driver/ini/PCE-3029.ini
SUSI5.0.23985/Driver/ini/SOM-5787.ini
SUSI5.0.23985/Driver/ini/ASMB-920.ini
SUSI5.0.23985/Driver/ini/PCM-8415A.ini
SUSI5.0.23985/Driver/ini/MIC-770V2W.ini
SUSI5.0.23985/Driver/ini/AIMB-272.ini
SUSI5.0.23985/Driver/ini/MIO-5251MIOe-210.ini
SUSI5.0.23985/Driver/ini/EBC-KF03.ini
SUSI5.0.23985/Driver/ini/SOM-5782.ini
SUSI5.0.23985/Driver/ini/AIMB-212.ini
SUSI5.0.23985/Driver/ini/PCM-9695.ini
SUSI5.0.23985/Driver/ini/INS8313B.ini
SUSI5.0.23985/Driver/ini/EBC-GF82.ini
SUSI5.0.23985/Driver/ini/DMS-SA20.ini
SUSI5.0.23985/Driver/ini/ASMB-817.ini
SUSI5.0.23985/Driver/ini/MIO-5272MIOe-210.ini
SUSI5.0.23985/Driver/ini/ROM-5720.ini
SUSI5.0.23985/Driver/ini/UNO-3483.ini
SUSI5.0.23985/Driver/ini/PCM-8527.ini
SUSI5.0.23985/Driver/ini/EPC-B5586.ini
SUSI5.0.23985/Driver/ini/AIMB-276.ini
SUSI5.0.23985/Driver/ini/AIMB-115.ini
SUSI5.0.23985/Driver/ini/PCM-8519.ini
SUSI5.0.23985/Driver/ini/PCM-8504.ini
SUSI5.0.23985/Driver/ini/MIC-7300.ini
SUSI5.0.23985/Driver/ini/ROM-7421.ini
SUSI5.0.23985/Driver/ini/DS-450.ini
SUSI5.0.23985/Driver/ini/PCM-9697.ini
SUSI5.0.23985/Driver/ini/IPPC-6172.ini
SUSI5.0.23985/Driver/ini/AIMB-221SG.ini
SUSI5.0.23985/Driver/ini/SIMB-683VG2.ini
SUSI5.0.23985/Driver/ini/ITA-1210.ini
SUSI5.0.23985/Driver/ini/AIMB-219.ini
SUSI5.0.23985/Driver/ini/ASMB-935.ini
SUSI5.0.23985/Driver/ini/MIC-6330.ini
SUSI5.0.23985/Driver/ini/DMS-SA25.ini
SUSI5.0.23985/Driver/ini/ASMB-585.ini
SUSI5.0.23985/Driver/ini/RSB-3720.ini
SUSI5.0.23985/Driver/ini/ARK-3520.ini
SUSI5.0.23985/Driver/ini/ARK-3534.ini
SUSI5.0.23985/Driver/ini/UTC-515I.ini
SUSI5.0.23985/Driver/ini/PCM-8502B.ini
SUSI5.0.23985/Driver/ini/PCM-9361.ini
SUSI5.0.23985/Driver/ini/ITA-8100.ini
SUSI5.0.23985/Driver/ini/AIMB-501.ini
SUSI5.0.23985/Driver/ini/MIC-7700Q.ini
SUSI5.0.23985/Driver/ini/DPX-E120-MB.ini
SUSI5.0.23985/Driver/ini/PCA-6194.ini
SUSI5.0.23985/Driver/ini/USM-500.ini
SUSI5.0.23985/Driver/ini/ASMB-822.ini
SUSI5.0.23985/Driver/ini/ASMB-782.ini
SUSI5.0.23985/Driver/ini/PCM-8503.ini
SUSI5.0.23985/Driver/ini/SOM-6760.ini
SUSI5.0.23985/Driver/ini/ITA-3711.ini
SUSI5.0.23985/Driver/ini/ITA-2210.ini
SUSI5.0.23985/Driver/ini/AIMB-U233.ini
SUSI5.0.23985/Driver/ini/AIMB-286EF.ini
SUSI5.0.23985/Driver/ini/ARK-4153.ini
SUSI5.0.23985/Driver/ini/PCM-U302.ini
SUSI5.0.23985/Driver/ini/RSB-3430.ini
SUSI5.0.23985/Driver/ini/ITA-5231.ini
SUSI5.0.23985/Driver/ini/PCM-8706.ini
SUSI5.0.23985/Driver/ini/PPC-6191-7703.ini
SUSI5.0.23985/Driver/ini/ARK-1310.ini
SUSI5.0.23985/Driver/ini/PCM-8210.ini
SUSI5.0.23985/Driver/ini/UTC-510D.ini
SUSI5.0.23985/Driver/ini/PPC-3181W-8213.ini
SUSI5.0.23985/Driver/ini/ARK-1125.ini
SUSI5.0.23985/Driver/ini/PCM-4373.ini
SUSI5.0.23985/Driver/ini/AIR-100.ini
SUSI5.0.23985/Driver/ini/DMS-BE13.ini
SUSI5.0.23985/Driver/ini/AIMB-117.ini
SUSI5.0.23985/Driver/ini/ARK-2121V.ini
SUSI5.0.23985/Driver/ini/ARK-1123H.ini
SUSI5.0.23985/Driver/ini/DAC-ST02.ini
SUSI5.0.23985/Driver/ini/DMS-SR24.ini
SUSI5.0.23985/Driver/ini/PPC-6151C-7760.ini
SUSI5.0.23985/Driver/ini/MIO-6300.ini
SUSI5.0.23985/Driver/ini/AIMB-308H.ini
SUSI5.0.23985/Driver/ini/ARK-3202.ini
SUSI5.0.23985/Driver/ini/ASMB-816.ini
SUSI5.0.23985/Driver/ini/PCM-4380.ini
SUSI5.0.23985/Driver/ini/PCM-8500.ini
SUSI5.0.23985/Driver/ini/ASMB-822W.ini
SUSI5.0.23985/Driver/ini/AIMB-229.ini
SUSI5.0.23985/Driver/ini/AIMB-Z70.ini
SUSI5.0.23985/Driver/ini/ASMB-977.ini
SUSI5.0.23985/Driver/ini/ASMB-820.ini
SUSI5.0.23985/Driver/ini/SOM-4780.ini
SUSI5.0.23985/Driver/ini/UTX-3117.ini
SUSI5.0.23985/Driver/ini/ARS-P2800.ini
SUSI5.0.23985/Driver/ini/UTC-542I.ini
SUSI5.0.23985/Driver/ini/UTC-532J.ini
SUSI5.0.23985/Driver/ini/ARK-3500E.ini
SUSI5.0.23985/Driver/ini/ARK-20.ini
SUSI5.0.23985/Driver/ini/PCE-5126.ini
SUSI5.0.23985/Driver/ini/PCM-9362N .ini
SUSI5.0.23985/Driver/ini/PCM-8715.ini
SUSI5.0.23985/Driver/ini/ARK-3391.ini
SUSI5.0.23985/Driver/ini/ITA-1611.ini
SUSI5.0.23985/Driver/ini/AIMB-279.ini
SUSI5.0.23985/Driver/ini/ARK-6320.ini
SUSI5.0.23985/Driver/ini/ARK-1124.ini
SUSI5.0.23985/Driver/ini/AIMB-782.ini
SUSI5.0.23985/Driver/ini/ASMB-587.ini
SUSI5.0.23985/Driver/ini/ARK-11.ini
SUSI5.0.23985/Driver/ini/PPC-3151SW-7700.ini
SUSI5.0.23985/Driver/ini/EBC-DC20.ini
SUSI5.0.23985/Driver/ini/AIMB-788.ini
SUSI5.0.23985/Driver/ini/PPC-6171C-7760.ini
SUSI5.0.23985/Driver/ini/AIMB-252.ini
SUSI5.0.23985/Driver/ini/PPC-3171-8213H.ini
SUSI5.0.23985/Driver/ini/DS-561.ini
SUSI5.0.23985/Driver/ini/PCM-4153.ini
SUSI5.0.23985/Driver/ini/UTC-520GT.ini
SUSI5.0.23985/Driver/ini/EIS-S232.ini
SUSI5.0.23985/Driver/ini/ITA-2211.ini
SUSI5.0.23985/Driver/ini/ECU-479.ini
SUSI5.0.23985/Driver/ini/DPX-E135.ini
SUSI5.0.23985/Driver/ini/UBC-222.ini
SUSI5.0.23985/Driver/ini/AIMB-503.ini
SUSI5.0.23985/Driver/ini/PCM-9562D.ini
SUSI5.0.23985/Driver/ini/ASMB-823.ini
SUSI5.0.23985/Driver/ini/AIMB-784.ini
SUSI5.0.23985/Driver/ini/SOM-4463.ini
SUSI5.0.23985/Driver/ini/IMB-151.ini
SUSI5.0.23985/Driver/ini/MIO-2263.ini
SUSI5.0.23985/Driver/ini/EPC-U3233.ini
SUSI5.0.23985/Driver/ini/PCM-8502.ini
SUSI5.0.23985/Driver/ini/PCM-U303.ini
SUSI5.0.23985/Driver/ini/ITA-1610.ini
SUSI5.0.23985/Driver/ini/SOM-7533.ini
SUSI5.0.23985/Driver/ini/RSB-3810.ini
SUSI5.0.23985/Driver/ini/EPC-B3522.ini
SUSI5.0.23985/Driver/ini/MIO-5377.ini
SUSI5.0.23985/Driver/ini/ROM-8720.ini
SUSI5.0.23985/Driver/ini/ARK-10.ini
SUSI5.0.23985/Driver/ini/ARK-1503.ini
SUSI5.0.23985/Driver/ini/SIMB-382.ini
SUSI5.0.23985/Driver/ini/MIO-2261.ini
SUSI5.0.23985/Driver/ini/AIMB-567.ini
SUSI5.0.23985/Driver/ini/MIO-5271MIOe-210.ini
SUSI5.0.23985/Driver/ini/UNO-2184G.ini
SUSI5.0.23985/Driver/ini/AIMB-581.ini
SUSI5.0.23985/Driver/ini/MICA-071.ini
SUSI5.0.23985/Driver/ini/DMS-BC24.ini
SUSI5.0.23985/Driver/ini/UTC-515G.ini
SUSI5.0.23985/Driver/ini/PPC-3151-8213H.ini
SUSI5.0.23985/Driver/ini/SYS-IS01.ini
SUSI5.0.23985/Driver/ini/AIIS-5410.ini
SUSI5.0.23985/Driver/ini/AIR-520.ini
SUSI5.0.23985/Driver/ini/DMS-BJ13.ini
SUSI5.0.23985/Driver/ini/AIMB-290.ini
SUSI5.0.23985/Driver/ini/EPC-T3229.ini
SUSI5.0.23985/Driver/ini/ARK-DS303.ini
SUSI5.0.23985/Driver/ini/PCE-5128.ini
SUSI5.0.23985/Driver/ini/PCM-9343.ini
SUSI5.0.23985/Driver/ini/PCE-5026.ini
SUSI5.0.23985/Driver/ini/HIP-33B.ini
SUSI5.0.23985/Driver/ini/AIMB-708.ini
SUSI5.0.23985/Driver/ini/EBC-GF57.ini
SUSI5.0.23985/Driver/ini/ITA-178.ini
SUSI5.0.23985/Driver/ini/PCM-U304.ini
SUSI5.0.23985/Driver/ini/SMBus.ini
SUSI5.0.23985/Driver/ini/AIMB-501CW.ini
SUSI5.0.23985/Driver/ini/SOM-2533.ini
SUSI5.0.23985/Driver/ini/MIO-2264.ini
SUSI5.0.23985/Driver/ini/ARK-3392.ini
SUSI5.0.23985/Driver/ini/ASMB-805.ini
SUSI5.0.23985/Driver/ini/AIMB-227.ini
SUSI5.0.23985/Driver/ini/EPC-R7200.ini
SUSI5.0.23985/Driver/ini/PCM-8211.ini
SUSI5.0.23985/Driver/ini/ASMB-788.ini
SUSI5.0.23985/Driver/ini/PCM-9363.ini
SUSI5.0.23985/Driver/ini/PCA-6782.ini
SUSI5.0.23985/Driver/ini/ASMB-785.ini
SUSI5.0.23985/Driver/ini/SOM-5883.ini
SUSI5.0.23985/Driver/ini/ARK-3531.ini
SUSI5.0.23985/Driver/ini/PCE-7128.ini
SUSI5.0.23985/Driver/ini/PCE-2029.ini
SUSI5.0.23985/Driver/ini/ARK-1123C.ini
SUSI5.0.23985/Driver/ini/PCM-8407.ini
SUSI5.0.23985/Driver/ini/AIMB-272SN.ini
SUSI5.0.23985/Driver/ini/PCM-8539.ini
SUSI5.0.23985/Driver/ini/DMS-SJ16.ini
SUSI5.0.23985/Driver/ini/ASMB-786.ini
SUSI5.0.23985/Driver/ini/AIMB-228.ini
SUSI5.0.23985/Driver/ini/PCM-UP03.ini
SUSI5.0.23985/Driver/ini/AIMB-205.ini
SUSI5.0.23985/Driver/ini/ARK-3420F.ini
SUSI5.0.23985/Driver/ini/ASMB-610.ini
SUSI5.0.23985/Driver/ini/PCM-8201.ini
SUSI5.0.23985/Driver/ini/MIC-770H.ini
SUSI5.0.23985/Driver/ini/PCE-5129.ini
SUSI5.0.23985/Driver/ini/PPC-3180SW-7702.ini
SUSI5.0.23985/Driver/ini/ARK-3390.ini
SUSI5.0.23985/Driver/ini/EBC-TF11.ini
SUSI5.0.23985/Driver/ini/ASMB-815.ini
SUSI5.0.23985/Driver/ini/EBC-GF15.ini
SUSI5.0.23985/Driver/ini/ARK-3361FN.ini
SUSI5.0.23985/Driver/ini/SOM-9590.ini
SUSI5.0.23985/Driver/ini/PCM-3362.ini
SUSI5.0.23985/Driver/ini/EBC-AF42.ini
SUSI5.0.23985/Driver/ini/DMS-BC30.ini
SUSI5.0.23985/Driver/ini/MIO-9290.ini
SUSI5.0.23985/Driver/ini/IMB-183.ini
SUSI5.0.23985/Driver/ini/EBC-GF53.ini
SUSI5.0.23985/Driver/ini/PPC-61X1C-8260.ini
SUSI5.0.23985/Driver/ini/PCM-U301.ini
SUSI5.0.23985/Driver/ini/ARK-2120F.ini
SUSI5.0.23985/Driver/ini/AIMB-U117.ini
SUSI5.0.23985/Driver/ini/AIMB-566.ini
SUSI5.0.23985/Driver/ini/DMS-SJ24.ini
SUSI5.0.23985/Driver/ini/DMS-BE11.ini
SUSI5.0.23985/Driver/ini/PCM-4390.ini
SUSI5.0.23985/Driver/ini/IPPC-9171.ini
SUSI5.0.23985/Driver/ini/AIMB-763G2.ini
SUSI5.0.23985/Driver/ini/AIMB-562.ini
SUSI5.0.23985/Driver/ini/ARK-4180.ini
SUSI5.0.23985/Driver/ini/MIO-5375.ini
SUSI5.0.23985/Driver/ini/EIS-S230.ini
SUSI5.0.23985/Driver/ini/AIMB-780.ini
SUSI5.0.23985/Driver/ini/AIR-101.ini
SUSI5.0.23985/Driver/ini/PCE-2133.ini
SUSI5.0.23985/Driver/ini/PCE-7129.ini
SUSI5.0.23985/Driver/ini/DS-270.ini
SUSI5.0.23985/Driver/ini/PPC-3150SW-7702.ini
SUSI5.0.23985/Driver/ini/PCI-7030.ini
SUSI5.0.23985/Driver/ini/SIMB-A01.ini
SUSI5.0.23985/Driver/ini/PCM-9362N.ini
SUSI5.0.23985/Driver/ini/ASMB-584.ini
SUSI5.0.23985/Driver/ini/ARK-3520L.ini
SUSI5.0.23985/Driver/ini/DMS-SA38.ini
SUSI5.0.23985/Driver/ini/AIMB-214.ini
SUSI5.0.23985/Driver/ini/SOM-7532.ini
SUSI5.0.23985/Driver/ini/AIIS-3400.ini
SUSI5.0.23985/Driver/ini/EBC-AC48.ini
SUSI5.0.23985/Driver/ini/AIMB-564.ini
SUSI5.0.23985/Driver/ini/ARK-VH200D.ini
SUSI5.0.23985/Driver/ini/AFE-R770.ini
SUSI5.0.23985/Driver/ini/ITA-5831.ini
SUSI5.0.23985/Driver/ini/ITA-5730.ini
SUSI5.0.23985/Driver/ini/PCM-8536.ini
SUSI5.0.23985/Driver/ini/SIMB-353PS.ini
SUSI5.0.23985/Driver/ini/ASMB-784.ini
SUSI5.0.23985/Driver/ini/PPC-324W-7700.ini
SUSI5.0.23985/Driver/ini/MIC-3392A2.ini
SUSI5.0.23985/Driver/ini/PCI-7032.ini
SUSI5.0.23985/Driver/ini/DAC-BT03.ini
SUSI5.0.23985/Driver/ini/AIMB-784G.ini
SUSI5.0.23985/Driver/ini/AIMB-285.ini
SUSI5.0.23985/Driver/ini/AIMB-281.ini
SUSI5.0.23985/Driver/ini/PCM-3355.ini
SUSI5.0.23985/Driver/ini/PCM-8204.ini
SUSI5.0.23985/Driver/ini/ASMB-925.ini
SUSI5.0.23985/Driver/ini/SIMB-A21.ini
SUSI5.0.23985/Driver/ini/EBC-V001.ini
SUSI5.0.23985/Driver/ini/AIMB-258.ini
SUSI5.0.23985/Driver/ini/PCM-8712.ini
SUSI5.0.23985/Driver/ini/ITA-2231.ini
SUSI5.0.23985/Driver/ini/SOM-GZ580.ini
SUSI5.0.23985/Driver/ini/ROM-7421-SOLO.ini
SUSI5.0.23985/Driver/ini/ASMB-922.ini
SUSI5.0.23985/Driver/ini/PCM-8524.ini
SUSI5.0.23985/Driver/ini/ARK-DS220.ini
SUSI5.0.23985/Driver/ini/PCE-7214.ini
SUSI5.0.23985/Driver/ini/EBC-GF22.ini
SUSI5.0.23985/Driver/ini/DMS-BA25.ini
SUSI5.0.23985/Driver/ini/IPPC-6152.ini
SUSI5.0.23985/Driver/ini/SOM-3568.ini
SUSI5.0.23985/Driver/ini/ARK-2250R.ini
SUSI5.0.23985/Driver/ini/IMB-A81.ini
SUSI5.0.23985/Driver/ini/ARK-3500P.ini
SUSI5.0.23985/Driver/ini/ITA-1711E.ini
SUSI5.0.23985/Driver/ini/DMS-BC21.ini
SUSI5.0.23985/Driver/ini/AIIS-1440.ini
SUSI5.0.23985/Driver/ini/ITA-3730.ini
SUSI5.0.23985/Driver/ini/PCM-9689.ini
SUSI5.0.23985/Driver/ini/AIMB-226.ini
SUSI5.0.23985/Driver/ini/PCM-8518.ini
SUSI5.0.23985/Driver/ini/EBC-GF40.ini
SUSI5.0.23985/Driver/ini/ROM-5721.ini
SUSI5.0.23985/Driver/ini/SOM-5761.ini
SUSI5.0.23985/Driver/ini/DLT-V6210.ini
SUSI5.0.23985/Driver/ini/AIMB-213.ini
SUSI5.0.23985/Driver/ini/EBC-EA01.ini
SUSI5.0.23985/Driver/ini/PPC-6171-7703.ini
SUSI5.0.23985/Driver/ini/SOM-GH590.ini
SUSI5.0.23985/Driver/ini/ITA-1710.ini
SUSI5.0.23985/Driver/ini/ARK-3500F.ini
SUSI5.0.23985/Driver/ini/RSB-3730.ini
SUSI5.0.23985/Driver/ini/PPC-412-8213.ini
SUSI5.0.23985/Driver/ini/PCM-4386.ini
SUSI5.0.23985/Driver/ini/EPC-T2285.ini
SUSI5.0.23985/Driver/ini/SOM-6833.ini
SUSI5.0.23985/Driver/ini/PCM-8523.ini
SUSI5.0.23985/Driver/ini/TREK-T973.ini
SUSI5.0.23985/Driver/ini/DMS-JC04.ini
SUSI5.0.23985/Driver/ini/ASMB-622.ini
SUSI5.0.23985/Driver/ini/SIMB-M22.ini
SUSI5.0.23985/Driver/ini/AIMB-225.ini
SUSI5.0.23985/Driver/ini/PCE-4132.ini
SUSI5.0.23985/Driver/ini/EBC-KF06.ini
SUSI5.0.23985/Driver/ini/MIO-2270.ini
SUSI5.0.23985/Driver/ini/UBC-221.ini
SUSI5.0.23985/Driver/ini/ARK-1120.ini
SUSI5.0.23985/Driver/ini/EPC-S201.ini
SUSI5.0.23985/Driver/ini/SIMB-352.ini
SUSI5.0.23985/Driver/ini/PCM-8207.ini
SUSI5.0.23985/Driver/ini/PCM-UP01.ini
SUSI5.0.23985/Driver/ini/PCE-4129.ini
SUSI5.0.23985/Driver/ini/DMS-SA19.ini
SUSI5.0.23985/Driver/ini/SYS-GM01.ini
SUSI5.0.23985/Driver/ini/AIMB-208.ini
SUSI5.0.23985/Driver/ini/PCE-9228.ini
SUSI5.0.23985/Driver/ini/UTC-515J.ini
SUSI5.0.23985/Driver/ini/DS-230.ini
SUSI5.0.23985/Driver/ini/UNO-2362G.ini
SUSI5.0.23985/Driver/ini/DAC-BT05.ini
SUSI5.0.23985/Driver/ini/DMS-BJ14.ini
SUSI5.0.23985/Driver/ini/AIMB-267-KIOSK.ini
SUSI5.0.23985/Driver/ini/AIMB-505.ini
SUSI5.0.23985/Driver/ini/PCM-8525.ini
SUSI5.0.23985/Driver/ini/DMS-SE28.ini
SUSI5.0.23985/Driver/ini/AIMB-508.ini
SUSI5.0.23985/Driver/ini/ARK-1380.ini
SUSI5.0.23985/Driver/ini/PCE-5131.ini
SUSI5.0.23985/Driver/ini/PEB-973L.ini
SUSI5.0.23985/Driver/ini/PCE-4128.ini
SUSI5.0.23985/Driver/ini/EBC-CF31.ini
SUSI5.0.23985/Driver/ini/PCM-8411.ini
SUSI5.0.23985/Driver/ini/MIC-7700H.ini
SUSI5.0.23985/Driver/ini/ITA-3650.ini
SUSI5.0.23985/Driver/ini/ASMB-927.ini
SUSI5.0.23985/Driver/ini/SOM-5893.ini
SUSI5.0.23985/Driver/ini/RSB-6410.ini
SUSI5.0.23985/Driver/ini/SOM-5781.ini
SUSI5.0.23985/Driver/ini/MIO-5250.ini
SUSI5.0.23985/Driver/ini/PCM-9588.ini
SUSI5.0.23985/Driver/ini/ASMB-586.ini
SUSI5.0.23985/Driver/ini/AIMB-275.ini
SUSI5.0.23985/Driver/ini/EBC-DC18.ini
SUSI5.0.23985/Driver/ini/UNO-2272G-N2AE.ini
SUSI5.0.23985/Driver/ini/PPC-31X0-8211.ini
SUSI5.0.23985/Driver/ini/RSB-4410.ini
SUSI5.0.23985/Driver/ini/ARK-3440.ini
SUSI5.0.23985/Driver/ini/ASMB-787.ini
SUSI5.0.23985/Driver/ini/PPC-3211W-8213H.ini
SUSI5.0.23985/Driver/ini/PCE-2233.ini
SUSI5.0.23985/Driver/ini/SIMB-380.ini
SUSI5.0.23985/Driver/ini/PCM-UP02.ini
SUSI5.0.23985/Driver/ini/PCE-2132.ini
SUSI5.0.23985/Driver/ini/PCE-2032.ini
SUSI5.0.23985/Driver/ini/ARK-1550NJDS.ini
SUSI5.0.23985/Driver/ini/ARK-3394.ini
SUSI5.0.23985/Driver/ini/MIO-5373MIOe-210.ini
SUSI5.0.23985/Driver/ini/EBC-MB08.ini
SUSI5.0.23985/Driver/ini/PCM-8517.ini
SUSI5.0.23985/Driver/ini/EI-53.ini
SUSI5.0.23985/Driver/ini/ITA-168.ini
SUSI5.0.23985/Driver/ini/PCA-6008.ini
SUSI5.0.23985/Driver/ini/AIMB-U217.ini
SUSI5.0.23985/Driver/ini/PCM-8531.ini
SUSI5.0.23985/Driver/ini/AIMB-251.ini
SUSI5.0.23985/Driver/ini/AIR-030.ini
SUSI5.0.23985/Driver/ini/SIMB-M21.ini
SUSI5.0.23985/Driver/ini/ARK-1550.ini
SUSI5.0.23985/Driver/ini/PCE-5032.ini
SUSI5.0.23985/Driver/ini/ICDT-PR3.ini
SUSI5.0.23985/Driver/ini/ROM-2820.ini
SUSI5.0.23985/Driver/ini/AIMB-218.ini
SUSI5.0.23985/Driver/ini/PCM-8709.ini
SUSI5.0.23985/Driver/ini/ARK1550.ini
SUSI5.0.23985/Driver/ini/ITA-1910.ini
SUSI5.0.23985/Driver/ini/ASMB-923.ini
SUSI5.0.23985/Driver/ini/UTC-542J.ini
SUSI5.0.23985/Driver/ini/ITA-2111.ini
SUSI5.0.23985/Driver/ini/MIC-770C.ini
SUSI5.0.23985/Driver/ini/AIMB-769VG.ini
SUSI5.0.23985/Driver/ini/MIC-7500.ini
SUSI5.0.23985/Driver/ini/PCM-8203.ini
SUSI5.0.23985/Driver/ini/SOM-7583.ini
SUSI5.0.23985/Driver/ini/PPC-3100-7701.ini
SUSI5.0.23985/Driver/ini/UTC-520G.ini
SUSI5.0.23985/Driver/ini/EBC-TC29.ini
SUSI5.0.23985/Driver/ini/DAC-BA06.ini
SUSI5.0.23985/Driver/ini/PCE-5125.ini
SUSI5.0.23985/Driver/ini/ITA-5710.ini
SUSI5.0.23985/Driver/ini/ARK-3405.ini
SUSI5.0.23985/Driver/ini/PCA-6012.ini
SUSI5.0.23985/Driver/ini/AIMB-224.ini
SUSI5.0.23985/Driver/ini/PCE-3132.ini
SUSI5.0.23985/Driver/ini/PPC-3211W-8213.ini
SUSI5.0.23985/Driver/ini/PCA-6028.ini
SUSI5.0.23985/Driver/ini/SOM-4463N.ini
SUSI5.0.23985/Driver/ini/ASMB-830.ini
SUSI5.0.23985/Driver/ini/SIMB-683G2.ini
SUSI5.0.23985/Driver/ini/AIMB-288.ini
SUSI5.0.23985/Driver/ini/EBC-TF41.ini
SUSI5.0.23985/Driver/ini/PCM-UP05.ini
SUSI5.0.23985/Driver/ini/DMS-BC16.ini
SUSI5.0.23985/Driver/ini/DMS-GF74.ini
SUSI5.0.23985/Driver/ini/AIMB-287.ini
SUSI5.0.23985/Driver/ini/AIMB-222.ini
SUSI5.0.23985/Driver/ini/MIC-770V2H.ini
SUSI5.0.23985/Driver/ini/AFE-E350.ini
SUSI5.0.23985/Driver/ini/EPC-T2286.ini
SUSI5.0.23985/Driver/ini/EBC-CS16.ini
SUSI5.0.23985/Driver/ini/PCM-9679.ini
SUSI5.0.23985/Driver/ini/AIMB-277.ini
SUSI5.0.23985/Driver/ini/PCM-3343.ini
SUSI5.0.23985/Driver/ini/PCM-9563.ini
SUSI5.0.23985/Driver/ini/ASMB-813.ini
SUSI5.0.23985/Driver/ini/PCE-3028.ini
SUSI5.0.23985/Driver/ini/PCM-8520.ini
SUSI5.0.23985/Driver/ini/AIMC-2000.ini
SUSI5.0.23985/Driver/ini/PPC-324W-8213.ini
SUSI5.0.23985/Driver/ini/ECU-4784-6897.ini
SUSI5.0.23985/Driver/ini/IPPC-9151.ini
SUSI5.0.23985/Driver/ini/ARK-3399.ini
SUSI5.0.23985/Driver/ini/ITA-1711.ini
SUSI5.0.23985/Driver/ini/PPC-3120-7701.ini
SUSI5.0.23985/Driver/ini/DS-580.ini
SUSI5.0.23985/Driver/ini/PCM-8415K.ini
SUSI5.0.23985/Driver/ini/ARK-1382.ini
SUSI5.0.23985/Driver/ini/EPC-R4761.ini
SUSI5.0.23985/Driver/ini/RSB-4411.ini
SUSI5.0.23985/Driver/ini/PCE-5133.ini
SUSI5.0.23985/Driver/ini/EPC-T4286.ini
SUSI5.0.23985/Driver/ini/TS-207.ini
SUSI5.0.23985/Driver/ini/EBC-KF01.ini
SUSI5.0.23985/Driver/ini/AIMB-506.ini
SUSI5.0.23985/Driver/ini/ASMB-588.ini
SUSI5.0.23985/Driver/ini/PCM-4381.ini
SUSI5.0.23985/Driver/ini/UTC-515IT.ini
SUSI5.0.23985/Driver/ini/PCM-8505.ini
SUSI5.0.23985/Driver/ini/SIMB-354.ini
SUSI5.0.23985/Driver/ini/MIC-3328.ini
SUSI5.0.23985/Driver/ini/ROM-5620.ini
SUSI5.0.23985/Driver/ini/AIMB-C50.ini
SUSI5.0.23985/Driver/ini/ARK-2150F.ini
SUSI5.0.23985/Driver/ini/DAC-BC05.ini
SUSI5.0.23985/Driver/ini/AIMB-781.ini
SUSI5.0.23985/Driver/ini/PPC-324W-7702.ini
SUSI5.0.23985/Driver/ini/SOM-4463D.ini
SUSI5.0.23985/Driver/ini/PCE-5031.ini
SUSI5.0.23985/Driver/ini/PCE-3026.ini
SUSI5.0.23985/Driver/ini/PCE-2033.ini
SUSI5.0.23985/Driver/ini/PPC-3211SW-7700.ini
SUSI5.0.23985/Driver/ini/SOM-C350.ini
SUSI5.0.23985/Driver/ini/EBC-GF47.ini
SUSI5.0.23985/Driver/ini/EBC-TF23.ini
SUSI5.0.23985/Driver/ini/AIMB-562-KIOSK.ini
SUSI5.0.23985/Driver/ini/EPC-T4218.ini
SUSI5.0.23985/Driver/ini/ITA-260.ini
SUSI5.0.23985/Driver/ini/DMS-SA26.ini
SUSI5.0.23985/Driver/ini/AIR-150.ini
SUSI5.0.23985/Driver/ini/PCE-2129.ini
SUSI5.0.23985/Driver/ini/ASMB-975.ini
SUSI5.0.23985/Driver/ini/PCA-6011.ini
SUSI5.0.23985/Driver/ini/PCM-8511.ini
SUSI5.0.23985/Driver/ini/PPC-3181SW-7700.ini
SUSI5.0.23985/Driver/ini/PCM-9375.ini
SUSI5.0.23985/Driver/ini/AIIS-3400E.ini
SUSI5.0.23985/Driver/ini/SIMB-684G2.ini
SUSI5.0.23985/Driver/ini/PCA-6013.ini
SUSI5.0.23985/Driver/ini/PCM-8501.ini
SUSI5.0.23985/Driver/ini/ARK-DS520.ini
SUSI5.0.23985/Driver/ini/ITA-5231L.ini
SUSI5.0.23985/Driver/ini/PCM-8509.ini
SUSI5.0.23985/Driver/ini/AIMB-223.ini
SUSI5.0.23985/Driver/ini/MIO-2263MIOe-210.ini
SUSI5.0.23985/Driver/ini/ASMB-825.ini
SUSI5.0.23985/Driver/ini/PPC-31x0S.ini
SUSI5.0.23985/Driver/ini/ARK-3510L.ini
SUSI5.0.23985/Driver/ini/PCM-8538.ini
SUSI5.0.23985/Driver/ini/PCM-8206.ini
SUSI5.0.23985/Driver/ini/PPC-3191-8213.ini
SUSI5.0.23985/Driver/ini/PPC-3191-8213H.ini
SUSI5.0.23985/Driver/ini/UTC-532I.ini
SUSI5.0.23985/Driver/ini/ROM-3420.ini
SUSI5.0.23985/Driver/ini/ARK-3360.ini
SUSI5.0.23985/Driver/ini/AIMB-203.ini
SUSI5.0.23985/Driver/ini/AIMB-586.ini
SUSI5.0.23985/Driver/ini/UTC-510G.ini
SUSI5.0.23985/Driver/ini/EBC-GF12-DAA.ini
SUSI5.0.23985/Driver/ini/PPC-3150-7701.ini
SUSI5.0.23985/Driver/ini/UTC-520IT.ini
SUSI5.0.23985/Driver/ini/MIC-3395.ini
SUSI5.0.23985/Driver/ini/DAC-SC09B.ini
SUSI5.0.23985/Driver/ini/590293518020020.ini
SUSI5.0.23985/Driver/ini/AIMB-766.ini
SUSI5.0.23985/Driver/ini/AIMB-580.ini
SUSI5.0.23985/Driver/ini/MIO-2262.ini
SUSI5.0.23985/Driver/ini/EIS-D110.ini
SUSI5.0.23985/Driver/ini/DMS-SA13.ini
SUSI5.0.23985/Driver/ini/DLT-V4108.ini
SUSI5.0.23985/Driver/ini/SOM-5786.ini
SUSI5.0.23985/Driver/ini/SOM-6883.ini
SUSI5.0.23985/Driver/ini/PPC-6191C-7760.ini
SUSI5.0.23985/Driver/ini/TS-206.ini
SUSI5.0.23985/Driver/ini/AIMB-588.ini
SUSI5.0.23985/Driver/ini/AIMB-582.ini
SUSI5.0.23985/Driver/ini/ARK-3420.ini
SUSI5.0.23985/Driver/ini/PPC-3151W-8213.ini
SUSI5.0.23985/Driver/ini/ARK-1370.ini
SUSI5.0.23985/Driver/ini/DMS-SK01.ini
SUSI5.0.23985/Driver/ini/ROM-5722.ini
SUSI5.0.23985/Driver/ini/SOM-9751.ini
SUSI5.0.23985/Driver/ini/ID525-PBP3A.ini
SUSI5.0.23985/Driver/ini/ARK-1124G.ini
SUSI5.0.23985/Driver/ini/POC-W213A.ini
SUSI5.0.23985/Driver/ini/EPC-P3000.ini
SUSI5.0.23985/Driver/ini/RSB-4710.ini
SUSI5.0.23985/Driver/ini/UTK-615.ini
SUSI5.0.23985/Driver/ini/ROM-7720.ini
SUSI5.0.23985/Driver/ini/AIMB-502.ini
SUSI5.0.23985/Driver/ini/PPC-6151-7703.ini
SUSI5.0.23985/Driver/ini/EBC-GF41.ini
SUSI5.0.23985/Driver/ini/AIMB-216.ini
SUSI5.0.23985/Driver/ini/DAC-BT07.ini
SUSI5.0.23985/Driver/ini/ARK-5261.ini
SUSI5.0.23985/Driver/ini/DMS-BT10.ini
SUSI5.0.23985/Driver/ini/DMS-BC37.ini
SUSI5.0.23985/Driver/ini/AIMB-Z20.ini
SUSI5.0.23985/Driver/ini/PEB-973H.ini
SUSI5.0.23985/Driver/ini/DMS-BA21.ini
SUSI5.0.23985/Driver/ini/PCE-7131.ini
SUSI5.0.23985/Driver/ini/SOM-9460.ini
SUSI5.0.23985/Driver/ini/ARK-3400.ini
SUSI5.0.23985/Driver/ini/PCE-7132.ini
SUSI5.0.23985/Driver/ini/SOM-6872.ini
SUSI5.0.23985/Driver/ini/ARK-5260.ini
SUSI5.0.23985/Driver/ini/UBC-220.ini
SUSI5.0.23985/Driver/ini/PCM-8507.ini
SUSI5.0.23985/Driver/ini/PCM-8530.ini
SUSI5.0.23985/Driver/ini/EBC-AC05.ini
SUSI5.0.23985/Driver/ini/EBC-CA13.ini
SUSI5.0.23985/Driver/ini/EPC-R7300.ini
SUSI5.0.23985/Driver/ini/ARK-3360FD.ini
SUSI5.0.23985/Driver/ini/SOM-5871.ini.bak
SUSI5.0.23985/Driver/ini/SIMB-680.ini
SUSI5.0.23985/Driver/ini/AIMB-723.ini
SUSI5.0.23985/Driver/ini/AIMB-706.ini
SUSI5.0.23985/Driver/ini/DES-SC05.ini
SUSI5.0.23985/Driver/ini/ITA-580.ini
SUSI5.0.23985/Driver/ini/AIMB-278.ini
SUSI5.0.23985/Driver/ini/ASMB-913.ini
SUSI5.0.23985/Driver/ini/AIMB-786.ini
SUSI5.0.23985/Driver/ini/ROM-5420-SOLO.ini
SUSI5.0.23985/Driver/ini/MIC-7900-T.ini
SUSI5.0.23985/Driver/ini/ARK-2151V.ini
SUSI5.0.23985/Driver/ini/PCM-9362D.ini
SUSI5.0.23985/Driver/ini/AIMB-217.ini
SUSI5.0.23985/Driver/ini/ARK-2120L.ini
SUSI5.0.23985/Driver/ini/RSB-4760.ini
SUSI5.0.23985/Driver/ini/ITA-2230.ini
SUSI5.0.23985/Driver/ini/DMS-SC62.ini
SUSI5.0.23985/Driver/ini/DAC-BJ05.ini
SUSI5.0.23985/Driver/ini/PCM-8534.ini
SUSI5.0.23985/Driver/ini/DMS-KF10.ini
SUSI5.0.23985/Driver/ini/DMS-SC23.ini
SUSI5.0.23985/Driver/ini/DS-202.ini
SUSI5.0.23985/Driver/ini/AIMB-262.ini
SUSI5.0.23985/Driver/ini/PCE-5127.ini
SUSI5.0.23985/Driver/ini/PCA-6743.ini
SUSI5.0.23985/Driver/ini/DMS-ST09.ini
SUSI5.0.23985/Driver/ini/AIIS-3411H.ini
SUSI5.0.23985/Driver/ini/PCM-8535.ini
SUSI5.0.23985/Driver/ini/DMS-ST11.ini
SUSI5.0.23985/Driver/ini/PCM-8541.ini
SUSI5.0.23985/Driver/ini/PPC-3190-7701.ini
SUSI5.0.23985/Driver/ini/POC-CSD-W216.ini
SUSI5.0.23985/Driver/ini/SOM-5780.ini
SUSI5.0.23985/Driver/ini/EPC-R5710.ini
SUSI5.0.23985/Driver/ini/PCM-8208.ini
SUSI5.0.23985/Driver/ini/PCM-UP04.ini
SUSI5.0.23985/Driver/ini/ITA-1711O.ini
SUSI5.0.23985/Driver/ini/AIR-020.ini
SUSI5.0.23985/Driver/ini/PPC-6121-7703.ini
SUSI5.0.23985/Driver/ini/AIMB-503YH.ini
SUSI5.0.23985/Driver/ini/EPC-B3588.ini
SUSI5.0.23985/Driver/ini/PCE-5132.ini
SUSI5.0.23985/Driver/ini/ARS-2620.ini
SUSI5.0.23985/Driver/ini/SOM-4466.ini
SUSI5.0.23985/Driver/ini/ARK-1122.ini
SUSI5.0.23985/Driver/ini/ROM-5420.ini
SUSI5.0.23985/Driver/ini/AIMB-592.ini
SUSI5.0.23985/Driver/ini/PPC-324W-8213H.ini
SUSI5.0.23985/Driver/ini/PCE-5029.ini
SUSI5.0.23985/Driver/ini/MIC-770Q.ini
SUSI5.0.23985/Driver/ini/ARK-1220F.ini
SUSI5.0.23985/Driver/ini/PCM-3363.ini
SUSI5.0.23985/Driver/ini/IMB-350.ini
SUSI5.0.23985/Driver/ini/PCE-3032.ini
SUSI5.0.23985/Driver/ini/PCM-9382.ini
SUSI5.0.23985/Driver/ini/PCA-6781.ini
SUSI5.0.23985/Driver/ini/ARK-DS350.ini
SUSI5.0.23985/Driver/ini/ARK-1220.ini
SUSI5.0.23985/Driver/ini/AIMB-785.ini
SUSI5.0.23985/Driver/ini/PPC-61X1C-8260H.ini
SUSI5.0.23985/Driver/ini/ARK-3533.ini
SUSI5.0.23985/Driver/ini/UTC-515H.ini
SUSI5.0.23985/Driver/ini/ARK-3530.ini
SUSI5.0.23985/Driver/ini/SOM-6832.ini
SUSI5.0.23985/Driver/ini/UTC-515B.ini
SUSI5.0.23985/Driver/ini/AIR-300.ini
SUSI5.0.23985/Driver/ini/SOM-2532.ini
SUSI5.0.23985/Driver/ini/AIMB-707.ini
SUSI5.0.23985/Driver/ini/PCM-8719.ini
SUSI5.0.23985/Driver/ini/ROM-5780.ini
SUSI5.0.23985/Driver/ini/AIMB-215B1.ini
SUSI5.0.23985/Driver/ini/PCM-9362.ini
SUSI5.0.23985/Driver/ini/ASMB-781.ini
SUSI5.0.23985/Driver/ini/AIMB-585.ini
SUSI5.0.23985/Driver/ini/PPC-3170-7701.ini
SUSI5.0.23985/Driver/ini/SIMB-982.ini
SUSI5.0.23985/Driver/ini/AIMB-250.ini
SUSI5.0.23985/Driver/ini/ROM-7420.ini
SUSI5.0.23985/Driver/ini/ITA-3630.ini
SUSI5.0.23985/Driver/ini/MIC-7900.ini
SUSI5.0.23985/Driver/ini/ITA-1711N.ini
SUSI5.0.23985/Driver/ini/SOM-6884.ini
SUSI5.0.23985/Driver/ini/PPC-3181W-8213H.ini
SUSI5.0.23985/Driver/ini/AIMB-256.ini
SUSI5.0.23985/Driver/ini/AIMB-767.ini
SUSI5.0.23985/Driver/ini/IMB-351.ini
SUSI5.0.23985/Driver/ini/PPC-412-8213H.ini
SUSI5.0.23985/Driver/ini/IPPC-6192.ini
SUSI5.0.23985/Driver/ini/AIMB-787.ini
SUSI5.0.23985/Driver/ini/PCE-5033.ini
SUSI5.0.23985/Driver/ini/PCM-8209.ini
SUSI5.0.23985/Driver/libSusiIoT.so.1.0.0
SUSI5.0.23985/Driver/libSUSI-4.00.so
SUSI5.0.23985/Driver/libEApi.so
SUSI5.0.23985/Driver/libSUSIDevice.so.1.0.0
SUSI5.0.23985/Driver/libSUSIAI.so.1.0.0
SUSI5.0.23985/Driver/libjansson.so
SUSI5.0.23985/Driver/libjansson.so.4.11.0
SUSI5.0.23985/Driver/modules/
SUSI5.0.23985/Driver/modules/libDiskInfo.so
SUSI5.0.23985/Driver/modules/libSUSIDevice.so
SUSI5.0.23985/Driver/modules/libSUSIAIIoT.so
SUSI5.0.23985/Driver/modules/libSUSIDrv.so
SUSI5.0.23985/Driver/modules/log/
SUSI5.0.23985/Driver/modules/log/config.cfg
SUSI5.0.23985/Driver/libjansson.a
SUSI5.0.23985/Driver/libSUSI-3.02.so.1
SUSI5.0.23985/Driver/libEApi.so.1.0.0
SUSI5.0.23985/SUSIDeviceDEMO/
SUSI5.0.23985/SUSIDeviceDEMO/SDRAMDEMO/
SUSI5.0.23985/SUSIDeviceDEMO/SDRAMDEMO/JEP106.cpp
SUSI5.0.23985/SUSIDeviceDEMO/SDRAMDEMO/SDRAMDEMO
SUSI5.0.23985/SUSIDeviceDEMO/SDRAMDEMO/SPD.h
SUSI5.0.23985/SUSIDeviceDEMO/SDRAMDEMO/SusiDeviceAPI.h
SUSI5.0.23985/SUSIDeviceDEMO/SDRAMDEMO/svnversion.h
SUSI5.0.23985/SUSIDeviceDEMO/SDRAMDEMO/os_linux.h
SUSI5.0.23985/SUSIDeviceDEMO/SDRAMDEMO/OsDeclarations.h
SUSI5.0.23985/SUSIDeviceDEMO/SDRAMDEMO/Makefile
SUSI5.0.23985/SUSIDeviceDEMO/SDRAMDEMO/os_winnt.h
SUSI5.0.23985/SUSIDeviceDEMO/SDRAMDEMO/Susi4.h
SUSI5.0.23985/SUSIDeviceDEMO/SDRAMDEMO/SDRAM.cpp
SUSI5.0.23985/SUSIDeviceDEMO/PICDEMO/
SUSI5.0.23985/SUSIDeviceDEMO/PICDEMO/PIC.h
SUSI5.0.23985/SUSIDeviceDEMO/PICDEMO/conio_linux.cpp
SUSI5.0.23985/SUSIDeviceDEMO/PICDEMO/SusiDeviceAPI.h
SUSI5.0.23985/SUSIDeviceDEMO/PICDEMO/os_linux.cpp
SUSI5.0.23985/SUSIDeviceDEMO/PICDEMO/PICDEMO
SUSI5.0.23985/SUSIDeviceDEMO/PICDEMO/svnversion.h
SUSI5.0.23985/SUSIDeviceDEMO/PICDEMO/os_linux.h
SUSI5.0.23985/SUSIDeviceDEMO/PICDEMO/PIC.cpp
SUSI5.0.23985/SUSIDeviceDEMO/PICDEMO/OsDeclarations.h
SUSI5.0.23985/SUSIDeviceDEMO/PICDEMO/Makefile
SUSI5.0.23985/SUSIDeviceDEMO/PICDEMO/conio_linux.h
SUSI5.0.23985/SUSIDeviceDEMO/PICDEMO/os_winnt.h
SUSI5.0.23985/SUSIDeviceDEMO/PICDEMO/Susi4.h
SUSI5.0.23985/SUSIDeviceDEMO/GSENSORDEMO/
SUSI5.0.23985/SUSIDeviceDEMO/GSENSORDEMO/SusiDeviceAPI.h
SUSI5.0.23985/SUSIDeviceDEMO/GSENSORDEMO/version.h
SUSI5.0.23985/SUSIDeviceDEMO/GSENSORDEMO/svnversion.h
SUSI5.0.23985/SUSIDeviceDEMO/GSENSORDEMO/os_linux.h
SUSI5.0.23985/SUSIDeviceDEMO/GSENSORDEMO/OsDeclarations.h
SUSI5.0.23985/SUSIDeviceDEMO/GSENSORDEMO/GSENSORDEMO
SUSI5.0.23985/SUSIDeviceDEMO/GSENSORDEMO/Makefile
SUSI5.0.23985/SUSIDeviceDEMO/GSENSORDEMO/common.c
SUSI5.0.23985/SUSIDeviceDEMO/GSENSORDEMO/os_winnt.h
SUSI5.0.23985/SUSIDeviceDEMO/GSENSORDEMO/Susi4.h
SUSI5.0.23985/SUSIDeviceDEMO/GSENSORDEMO/gsensor.c
SUSI5.0.23985/SUSIDeviceDEMO/GSENSORDEMO/common.h
SUSI5.0.23985/SUSIDeviceDEMO/GSENSORDEMO/ADXL345.h
SUSI5.0.23985/SUSIDeviceDEMO/SmartBatteryDEMO/
SUSI5.0.23985/SUSIDeviceDEMO/SmartBatteryDEMO/SusiDeviceAPI.h
SUSI5.0.23985/SUSIDeviceDEMO/SmartBatteryDEMO/svnversion.h
SUSI5.0.23985/SUSIDeviceDEMO/SmartBatteryDEMO/os_linux.h
SUSI5.0.23985/SUSIDeviceDEMO/SmartBatteryDEMO/OsDeclarations.h
SUSI5.0.23985/SUSIDeviceDEMO/SmartBatteryDEMO/SmartBattery.h
SUSI5.0.23985/SUSIDeviceDEMO/SmartBatteryDEMO/Makefile
SUSI5.0.23985/SUSIDeviceDEMO/SmartBatteryDEMO/os_winnt.h
SUSI5.0.23985/SUSIDeviceDEMO/SmartBatteryDEMO/SmartBatteryDEMO
SUSI5.0.23985/SUSIDeviceDEMO/SmartBatteryDEMO/Susi4.h
SUSI5.0.23985/SUSIDeviceDEMO/SmartBatteryDEMO/SmartBattery.cpp
SUSI5.0.23985/SUSIDeviceDEMO/PoEDEMO/
SUSI5.0.23985/SUSIDeviceDEMO/PoEDEMO/Port.cpp
SUSI5.0.23985/SUSIDeviceDEMO/PoEDEMO/Port.h
SUSI5.0.23985/SUSIDeviceDEMO/PoEDEMO/conio_linux.cpp
SUSI5.0.23985/SUSIDeviceDEMO/PoEDEMO/SusiDeviceAPI.h
SUSI5.0.23985/SUSIDeviceDEMO/PoEDEMO/os_linux.cpp
SUSI5.0.23985/SUSIDeviceDEMO/PoEDEMO/svnversion.h
SUSI5.0.23985/SUSIDeviceDEMO/PoEDEMO/os_linux.h
SUSI5.0.23985/SUSIDeviceDEMO/PoEDEMO/OsDeclarations.h
SUSI5.0.23985/SUSIDeviceDEMO/PoEDEMO/Makefile
SUSI5.0.23985/SUSIDeviceDEMO/PoEDEMO/conio_linux.h
SUSI5.0.23985/SUSIDeviceDEMO/PoEDEMO/os_winnt.h
SUSI5.0.23985/SUSIDeviceDEMO/PoEDEMO/Susi4.h
SUSI5.0.23985/SUSIDeviceDEMO/PoEDEMO/PoEDEMO
SUSI5.0.23985/SUSIDeviceDEMO/SAB2000DEMO/
SUSI5.0.23985/SUSIDeviceDEMO/SAB2000DEMO/SAB2000.h
SUSI5.0.23985/SUSIDeviceDEMO/SAB2000DEMO/common.cpp
SUSI5.0.23985/SUSIDeviceDEMO/SAB2000DEMO/SusiDeviceAPI.h
SUSI5.0.23985/SUSIDeviceDEMO/SAB2000DEMO/svnversion.h
SUSI5.0.23985/SUSIDeviceDEMO/SAB2000DEMO/os_linux.h
SUSI5.0.23985/SUSIDeviceDEMO/SAB2000DEMO/OsDeclarations.h
SUSI5.0.23985/SUSIDeviceDEMO/SAB2000DEMO/Makefile
SUSI5.0.23985/SUSIDeviceDEMO/SAB2000DEMO/os_winnt.h
SUSI5.0.23985/SUSIDeviceDEMO/SAB2000DEMO/Susi4.h
SUSI5.0.23985/SUSIDeviceDEMO/SAB2000DEMO/SAB2000.cpp
SUSI5.0.23985/SUSIDeviceDEMO/SAB2000DEMO/common.h
SUSI5.0.23985/SUSIDeviceDEMO/SAB2000DEMO/SAB2000DEMO
SUSI5.0.23985/SUSIIoTDEMO/
SUSI5.0.23985/SUSIIoTDEMO/IoTJsonLibrary/
SUSI5.0.23985/SUSIIoTDEMO/IoTJsonLibrary/IoTJsonLibrary.c
SUSI5.0.23985/SUSIIoTDEMO/IoTJsonLibrary/IoTJsonLibrary.h
SUSI5.0.23985/SUSIIoTDEMO/IoTJsonLibrary/Makefile
SUSI5.0.23985/SUSIIoTDEMO/demo/
SUSI5.0.23985/SUSIIoTDEMO/demo/jansson_config.h
SUSI5.0.23985/SUSIIoTDEMO/demo/SusiIoTAPI.h
SUSI5.0.23985/SUSIIoTDEMO/demo/SusiIoT.h
SUSI5.0.23985/SUSIIoTDEMO/demo/version.h
SUSI5.0.23985/SUSIIoTDEMO/demo/Example.json
SUSI5.0.23985/SUSIIoTDEMO/demo/OsDeclarations.h
SUSI5.0.23985/SUSIIoTDEMO/demo/Makefile
SUSI5.0.23985/SUSIIoTDEMO/demo/output/
SUSI5.0.23985/SUSIIoTDEMO/demo/output/SusiiotDemo
SUSI5.0.23985/SUSIIoTDEMO/demo/main.cpp
SUSI5.0.23985/SUSIIoTDEMO/demo/jansson.h
SUSI5.0.23985/SUSIIoTDEMO/demo/common.h
SUSI5.0.23985/SUSIIoTDEMO/SampleLib/
SUSI5.0.23985/SUSIIoTDEMO/SampleLib/Makefile
SUSI5.0.23985/SUSIIoTDEMO/SampleLib/SampleLib.c
SUSI5.0.23985/SUSIIoTDEMO/SampleLib/SampleLib.h
SUSI5.0.23985/README
SUSI5.0.23985/license.rtf
advantech@advantech-machine:~/kengwei/vincent77$ ls
SOM-3569_SUSI5.0.23985_Release_2024_05_20_ubuntu22.04_x64.tar.gz  SUSI5.0.24139         libSusiIoTArm.so    susi4.py
SUSI4.2.23737                                                     __pycache__           libjanssonArm.so.4  susiiot.py
SUSI4.2.24139                                                     libEAPI_linux-x86_64  no_sudo_result.txt  test_susi4.py
SUSI5.0.23985                                                     libSUSI-4-Arm.00.so   result.txt          test_susiiot.py
advantech@advantech-machine:~/kengwei/vincent77$
advantech@advantech-machine:~/kengwei/vincent77$ cd SUSI
SUSI4.2.23737/ SUSI4.2.24139/ SUSI5.0.23985/ SUSI5.0.24139/
advantech@advantech-machine:~/kengwei/vincent77$ cd SUSI5.0.24139/
advantech@advantech-machine:~/kengwei/vincent77/SUSI5.0.24139$ ls
Driver  README  SUSIIoTDEMO  Susi4Demo  SusiAiDemo  license.rtf
advantech@advantech-machine:~/kengwei/vincent77/SUSI5.0.24139$ cd Driver/
advantech@advantech-machine:~/kengwei/vincent77/SUSI5.0.24139/Driver$ ls -alh
total 1.4M
drwxr-xr-x 5 advantech advantech 4.0K Feb 24 13:26 .
drwxr-xr-x 6 advantech advantech 4.0K Feb 24 13:26 ..
drwxr-xr-x 3 advantech advantech 4.0K Feb 24 13:26 AI
-rwxr-xr-x 1 advantech advantech 168K Feb 24 13:26 Susi_Jetson_Service
-rwxr-xr-x 1 advantech advantech   67 Feb 24 13:26 exeSusiService.sh
drwxr-xr-x 2 advantech advantech  24K Feb 24 13:26 ini
-rwxr-xr-x 1 advantech advantech 3.0K Feb 24 13:26 install.sh
-rwxr-xr-x 1 advantech advantech  535 Feb 24 13:26 install_SusiService.sh
lrwxrwxrwx 1 advantech advantech   21 Feb 24 13:26 libSUSI-4.00.so -> libSUSI-4.00.so.1.0.0
lrwxrwxrwx 1 advantech advantech   21 Feb 24 13:26 libSUSI-4.00.so.1 -> libSUSI-4.00.so.1.0.0
-rwxr-xr-x 1 advantech advantech 218K Feb 24 13:26 libSUSI-4.00.so.1.0.0
lrwxrwxrwx 1 advantech advantech   18 Feb 24 13:26 libSUSIAI.so -> libSUSIAI.so.1.0.0
-rwxr-xr-x 1 advantech advantech 112K Feb 24 13:26 libSUSIAI.so.1.0.0
lrwxrwxrwx 1 advantech advantech   19 Feb 24 13:26 libSusiIoT.so -> libSusiIoT.so.1.0.0
-rwxr-xr-x 1 advantech advantech 104K Feb 24 13:26 libSusiIoT.so.1.0.0
-rw-r--r-- 1 advantech advantech 430K Feb 24 13:26 libjansson.a
lrwxrwxrwx 1 advantech advantech   20 Feb 24 13:26 libjansson.so -> libjansson.so.4.11.0
lrwxrwxrwx 1 advantech advantech   20 Feb 24 13:26 libjansson.so.4 -> libjansson.so.4.11.0
-rwxr-xr-x 1 advantech advantech 257K Feb 24 13:26 libjansson.so.4.11.0
drwxr-xr-x 3 advantech advantech 4.0K Feb 24 13:26 modules
-rwxr-xr-x 1 advantech advantech  225 Feb 24 13:26 susi_api_server.service
-rwxr-xr-x 1 advantech advantech 1.4K Feb 24 13:26 unInstall_SusiService.sh
-rwxr-xr-x 1 advantech advantech  450 Feb 24 13:26 update_SusiService.sh
advantech@advantech-machine:~/kengwei/vincent77/SUSI5.0.24139/Driver$ ls -lS
total 1352
-rw-r--r-- 1 advantech advantech 440284 Feb 24 13:26 libjansson.a
-rwxr-xr-x 1 advantech advantech 262336 Feb 24 13:26 libjansson.so.4.11.0
-rwxr-xr-x 1 advantech advantech 222584 Feb 24 13:26 libSUSI-4.00.so.1.0.0
-rwxr-xr-x 1 advantech advantech 171024 Feb 24 13:26 Susi_Jetson_Service
-rwxr-xr-x 1 advantech advantech 114008 Feb 24 13:26 libSUSIAI.so.1.0.0
-rwxr-xr-x 1 advantech advantech 106232 Feb 24 13:26 libSusiIoT.so.1.0.0
drwxr-xr-x 2 advantech advantech  24576 Feb 24 13:26 ini
drwxr-xr-x 3 advantech advantech   4096 Feb 24 13:26 AI
drwxr-xr-x 3 advantech advantech   4096 Feb 24 13:26 modules
-rwxr-xr-x 1 advantech advantech   3009 Feb 24 13:26 install.sh
-rwxr-xr-x 1 advantech advantech   1369 Feb 24 13:26 unInstall_SusiService.sh
-rwxr-xr-x 1 advantech advantech    535 Feb 24 13:26 install_SusiService.sh
-rwxr-xr-x 1 advantech advantech    450 Feb 24 13:26 update_SusiService.sh
-rwxr-xr-x 1 advantech advantech    225 Feb 24 13:26 susi_api_server.service
-rwxr-xr-x 1 advantech advantech     67 Feb 24 13:26 exeSusiService.sh
lrwxrwxrwx 1 advantech advantech     21 Feb 24 13:26 libSUSI-4.00.so -> libSUSI-4.00.so.1.0.0
lrwxrwxrwx 1 advantech advantech     21 Feb 24 13:26 libSUSI-4.00.so.1 -> libSUSI-4.00.so.1.0.0
lrwxrwxrwx 1 advantech advantech     20 Feb 24 13:26 libjansson.so -> libjansson.so.4.11.0
lrwxrwxrwx 1 advantech advantech     20 Feb 24 13:26 libjansson.so.4 -> libjansson.so.4.11.0
lrwxrwxrwx 1 advantech advantech     19 Feb 24 13:26 libSusiIoT.so -> libSusiIoT.so.1.0.0
lrwxrwxrwx 1 advantech advantech     18 Feb 24 13:26 libSUSIAI.so -> libSUSIAI.so.1.0.0
advantech@advantech-machine:~/kengwei/vincent77/SUSI5.0.24139/Driver$ file libSUSIAI.so
libSUSIAI.so: symbolic link to libSUSIAI.so.1.0.0
advantech@advantech-machine:~/kengwei/vincent77/SUSI5.0.24139/Driver$ file libjansson.so.4.11.0
libjansson.so.4.11.0: ELF 64-bit LSB shared object, ARM aarch64, version 1 (SYSV), dynamically linked, BuildID[sha1]=06cec0d4e1a0e324eff7519ef708f07232ffe0a7, with debug_info, not stripped
advantech@advantech-machine:~/kengwei/vincent77/SUSI5.0.24139/Driver$ uname -m
x86_64
advantech@advantech-machine:~/kengwei/vincent77/SUSI5.0.24139/Driver$ dpkg --print-architecture
amd64
advantech@advantech-machine:~/kengwei/vincent77/SUSI5.0.24139/Driver$ ls
AI                   install_SusiService.sh  libSUSIAI.so.1.0.0   libjansson.so.4           update_SusiService.sh
Susi_Jetson_Service  libSUSI-4.00.so         libSusiIoT.so        libjansson.so.4.11.0
exeSusiService.sh    libSUSI-4.00.so.1       libSusiIoT.so.1.0.0  modules
ini                  libSUSI-4.00.so.1.0.0   libjansson.a         susi_api_server.service
install.sh           libSUSIAI.so            libjansson.so        unInstall_SusiService.sh
advantech@advantech-machine:~/kengwei/vincent77/SUSI5.0.24139/Driver$ file libjansson.so.4.11.0
libjansson.so.4.11.0: ELF 64-bit LSB shared object, ARM aarch64, version 1 (SYSV), dynamically linked, BuildID[sha1]=06cec0d4e1a0e324eff7519ef708f07232ffe0a7, with debug_info, not stripped
advantech@advantech-machine:~/kengwei/vincent77/SUSI5.0.24139/Driver$
advantech@advantech-machine:~/kengwei/vincent77/SUSI5.0.24139/Driver$
advantech@advantech-machine:~/kengwei/vincent77/SUSI5.0.24139/Driver$ ls -alh
total 1.4M
drwxr-xr-x 5 advantech advantech 4.0K Feb 24 13:26 .
drwxr-xr-x 6 advantech advantech 4.0K Feb 24 13:26 ..
drwxr-xr-x 3 advantech advantech 4.0K Feb 24 13:26 AI
-rwxr-xr-x 1 advantech advantech 168K Feb 24 13:26 Susi_Jetson_Service
-rwxr-xr-x 1 advantech advantech   67 Feb 24 13:26 exeSusiService.sh
drwxr-xr-x 2 advantech advantech  24K Feb 24 13:26 ini
-rwxr-xr-x 1 advantech advantech 3.0K Feb 24 13:26 install.sh
-rwxr-xr-x 1 advantech advantech  535 Feb 24 13:26 install_SusiService.sh
lrwxrwxrwx 1 advantech advantech   21 Feb 24 13:26 libSUSI-4.00.so -> libSUSI-4.00.so.1.0.0
lrwxrwxrwx 1 advantech advantech   21 Feb 24 13:26 libSUSI-4.00.so.1 -> libSUSI-4.00.so.1.0.0
-rwxr-xr-x 1 advantech advantech 218K Feb 24 13:26 libSUSI-4.00.so.1.0.0
lrwxrwxrwx 1 advantech advantech   18 Feb 24 13:26 libSUSIAI.so -> libSUSIAI.so.1.0.0
-rwxr-xr-x 1 advantech advantech 112K Feb 24 13:26 libSUSIAI.so.1.0.0
lrwxrwxrwx 1 advantech advantech   19 Feb 24 13:26 libSusiIoT.so -> libSusiIoT.so.1.0.0
-rwxr-xr-x 1 advantech advantech 104K Feb 24 13:26 libSusiIoT.so.1.0.0
-rw-r--r-- 1 advantech advantech 430K Feb 24 13:26 libjansson.a
lrwxrwxrwx 1 advantech advantech   20 Feb 24 13:26 libjansson.so -> libjansson.so.4.11.0
lrwxrwxrwx 1 advantech advantech   20 Feb 24 13:26 libjansson.so.4 -> libjansson.so.4.11.0
-rwxr-xr-x 1 advantech advantech 257K Feb 24 13:26 libjansson.so.4.11.0
drwxr-xr-x 3 advantech advantech 4.0K Feb 24 13:26 modules
-rwxr-xr-x 1 advantech advantech  225 Feb 24 13:26 susi_api_server.service
-rwxr-xr-x 1 advantech advantech 1.4K Feb 24 13:26 unInstall_SusiService.sh
-rwxr-xr-x 1 advantech advantech  450 Feb 24 13:26 update_SusiService.sh
advantech@advantech-machine:~/kengwei/vincent77/SUSI5.0.24139/Driver$ ls -AL
AI                   install_SusiService.sh  libSUSIAI.so.1.0.0   libjansson.so.4           update_SusiService.sh
Susi_Jetson_Service  libSUSI-4.00.so         libSusiIoT.so        libjansson.so.4.11.0
exeSusiService.sh    libSUSI-4.00.so.1       libSusiIoT.so.1.0.0  modules
ini                  libSUSI-4.00.so.1.0.0   libjansson.a         susi_api_server.service
install.sh           libSUSIAI.so            libjansson.so        unInstall_SusiService.sh
advantech@advantech-machine:~/kengwei/vincent77/SUSI5.0.24139/Driver$ ls -ALH
AI                   install_SusiService.sh  libSUSIAI.so.1.0.0   libjansson.so.4           update_SusiService.sh
Susi_Jetson_Service  libSUSI-4.00.so         libSusiIoT.so        libjansson.so.4.11.0
exeSusiService.sh    libSUSI-4.00.so.1       libSusiIoT.so.1.0.0  modules
ini                  libSUSI-4.00.so.1.0.0   libjansson.a         susi_api_server.service
install.sh           libSUSIAI.so            libjansson.so        unInstall_SusiService.sh
advantech@advantech-machine:~/kengwei/vincent77/SUSI5.0.24139/Driver$ LS -alh

Command 'LS' not found, but can be installed with:

sudo apt install sl

advantech@advantech-machine:~/kengwei/vincent77/SUSI5.0.24139/Driver$ LS -ls

Command 'LS' not found, but can be installed with:

sudo apt install sl

advantech@advantech-machine:~/kengwei/vincent77/SUSI5.0.24139/Driver$ ls -ls
total 1352
  4 drwxr-xr-x 3 advantech advantech   4096 Feb 24 13:26 AI
168 -rwxr-xr-x 1 advantech advantech 171024 Feb 24 13:26 Susi_Jetson_Service
  4 -rwxr-xr-x 1 advantech advantech     67 Feb 24 13:26 exeSusiService.sh
 24 drwxr-xr-x 2 advantech advantech  24576 Feb 24 13:26 ini
  4 -rwxr-xr-x 1 advantech advantech   3009 Feb 24 13:26 install.sh
  4 -rwxr-xr-x 1 advantech advantech    535 Feb 24 13:26 install_SusiService.sh
  0 lrwxrwxrwx 1 advantech advantech     21 Feb 24 13:26 libSUSI-4.00.so -> libSUSI-4.00.so.1.0.0
  0 lrwxrwxrwx 1 advantech advantech     21 Feb 24 13:26 libSUSI-4.00.so.1 -> libSUSI-4.00.so.1.0.0
220 -rwxr-xr-x 1 advantech advantech 222584 Feb 24 13:26 libSUSI-4.00.so.1.0.0
  0 lrwxrwxrwx 1 advantech advantech     18 Feb 24 13:26 libSUSIAI.so -> libSUSIAI.so.1.0.0
112 -rwxr-xr-x 1 advantech advantech 114008 Feb 24 13:26 libSUSIAI.so.1.0.0
  0 lrwxrwxrwx 1 advantech advantech     19 Feb 24 13:26 libSusiIoT.so -> libSusiIoT.so.1.0.0
104 -rwxr-xr-x 1 advantech advantech 106232 Feb 24 13:26 libSusiIoT.so.1.0.0
432 -rw-r--r-- 1 advantech advantech 440284 Feb 24 13:26 libjansson.a
  0 lrwxrwxrwx 1 advantech advantech     20 Feb 24 13:26 libjansson.so -> libjansson.so.4.11.0
  0 lrwxrwxrwx 1 advantech advantech     20 Feb 24 13:26 libjansson.so.4 -> libjansson.so.4.11.0
260 -rwxr-xr-x 1 advantech advantech 262336 Feb 24 13:26 libjansson.so.4.11.0
  4 drwxr-xr-x 3 advantech advantech   4096 Feb 24 13:26 modules
  4 -rwxr-xr-x 1 advantech advantech    225 Feb 24 13:26 susi_api_server.service
  4 -rwxr-xr-x 1 advantech advantech   1369 Feb 24 13:26 unInstall_SusiService.sh
  4 -rwxr-xr-x 1 advantech advantech    450 Feb 24 13:26 update_SusiService.sh
advantech@advantech-machine:~/kengwei/vincent77/SUSI5.0.24139/Driver$ ls -LS
libjansson.a          libSUSI-4.00.so        libSUSIAI.so         ini         unInstall_SusiService.sh  exeSusiService.sh
libjansson.so         libSUSI-4.00.so.1      libSUSIAI.so.1.0.0   AI          install_SusiService.sh
libjansson.so.4       libSUSI-4.00.so.1.0.0  libSusiIoT.so        modules     update_SusiService.sh
libjansson.so.4.11.0  Susi_Jetson_Service    libSusiIoT.so.1.0.0  install.sh  susi_api_server.service
advantech@advantech-machine:~/kengwei/vincent77/SUSI5.0.24139/Driver$ ls -lS
total 1352
-rw-r--r-- 1 advantech advantech 440284 Feb 24 13:26 libjansson.a
-rwxr-xr-x 1 advantech advantech 262336 Feb 24 13:26 libjansson.so.4.11.0
-rwxr-xr-x 1 advantech advantech 222584 Feb 24 13:26 libSUSI-4.00.so.1.0.0
-rwxr-xr-x 1 advantech advantech 171024 Feb 24 13:26 Susi_Jetson_Service
-rwxr-xr-x 1 advantech advantech 114008 Feb 24 13:26 libSUSIAI.so.1.0.0
-rwxr-xr-x 1 advantech advantech 106232 Feb 24 13:26 libSusiIoT.so.1.0.0
drwxr-xr-x 2 advantech advantech  24576 Feb 24 13:26 ini
drwxr-xr-x 3 advantech advantech   4096 Feb 24 13:26 AI
drwxr-xr-x 3 advantech advantech   4096 Feb 24 13:26 modules
-rwxr-xr-x 1 advantech advantech   3009 Feb 24 13:26 install.sh
-rwxr-xr-x 1 advantech advantech   1369 Feb 24 13:26 unInstall_SusiService.sh
-rwxr-xr-x 1 advantech advantech    535 Feb 24 13:26 install_SusiService.sh
-rwxr-xr-x 1 advantech advantech    450 Feb 24 13:26 update_SusiService.sh
-rwxr-xr-x 1 advantech advantech    225 Feb 24 13:26 susi_api_server.service
-rwxr-xr-x 1 advantech advantech     67 Feb 24 13:26 exeSusiService.sh
lrwxrwxrwx 1 advantech advantech     21 Feb 24 13:26 libSUSI-4.00.so -> libSUSI-4.00.so.1.0.0
lrwxrwxrwx 1 advantech advantech     21 Feb 24 13:26 libSUSI-4.00.so.1 -> libSUSI-4.00.so.1.0.0
lrwxrwxrwx 1 advantech advantech     20 Feb 24 13:26 libjansson.so -> libjansson.so.4.11.0
lrwxrwxrwx 1 advantech advantech     20 Feb 24 13:26 libjansson.so.4 -> libjansson.so.4.11.0
lrwxrwxrwx 1 advantech advantech     19 Feb 24 13:26 libSusiIoT.so -> libSusiIoT.so.1.0.0
lrwxrwxrwx 1 advantech advantech     18 Feb 24 13:26 libSUSIAI.so -> libSUSIAI.so.1.0.0
advantech@advantech-machine:~/kengwei/vincent77/SUSI5.0.24139/Driver$ pwd
/home/advantech/kengwei/vincent77/SUSI5.0.24139/Driver
advantech@advantech-machine:~/kengwei/vincent77/SUSI5.0.24139/Driver$
advantech@advantech-machine:~/kengwei/vincent77/SUSI5.0.24139/Driver$
advantech@advantech-machine:~/kengwei/vincent77/SUSI5.0.24139/Driver$ cp libjansson.so.4.11.0 ../../
advantech@advantech-machine:~/kengwei/vincent77/SUSI5.0.24139/Driver$ cp libSusiIoT.so.1.0.0 ../../
advantech@advantech-machine:~/kengwei/vincent77/SUSI5.0.24139/Driver$ cp ^C
advantech@advantech-machine:~/kengwei/vincent77/SUSI5.0.24139/Driver$ cp libSUSI-4.00.so ../../ &&\
> cp libSUSI-4.00.so.1 ../../ &&\
 libjansson.so ../../ &&\
cp libjansson.so.4 ../> cp libjansson.so ../../ &&\
> cp libjansson.so.4 ../../ &&\
> cp libSusiIoT.so ../../ &&\
> cp libSUSIAI.so ../../ &&\
> ^C
advantech@advantech-machine:~/kengwei/vincent77/SUSI5.0.24139/Driver$ cp libSUSI-4.00.so ../../ &&\
./../ &&\
cp lib> cp libSUSI-4.00.so.1 ../../ &&\
> cp libjansson.so ../../ &&\
> cp libjansson.so.4 ../../ &&\
> cp libSusiIoT.so ../../ &&\
> cp libSUSIAI.so ../../
advantech@advantech-machine:~/kengwei/vincent77/SUSI5.0.24139/Driver$
advantech@advantech-machine:~/kengwei/vincent77/SUSI5.0.24139/Driver$
advantech@advantech-machine:~/kengwei/vincent77/SUSI5.0.24139/Driver$ cd ../../
advantech@advantech-machine:~/kengwei/vincent77$ python3 python3 -m unittest -v test_susiiot.TestHandler.test_get_susi_information^C
advantech@advantech-machine:~/kengwei/vincent77$ python3 -m unittest -v test_susiiot.TestHandler.test_get_susi_information
test_get_susi_information (test_susiiot.TestHandler) ... ERROR

======================================================================
ERROR: test_get_susi_information (test_susiiot.TestHandler)
----------------------------------------------------------------------
Traceback (most recent call last):
  File "/home/advantech/kengwei/vincent77/test_susiiot.py", line 8, in test_get_susi_information
    handler = susiiot.SusiIot()
  File "/home/advantech/kengwei/vincent77/susiiot.py", line 9, in __init__
    self.susi_iot_library = ctypes.CDLL(susi_iot_library_path)
  File "/usr/lib/python3.6/ctypes/__init__.py", line 348, in __init__
    self._handle = _dlopen(self._name, mode)
OSError: ./libSusiIoTArm.so: cannot open shared object file: No such file or directory

----------------------------------------------------------------------
Ran 1 test in 0.002s

FAILED (errors=1)
advantech@advantech-machine:~/kengwei/vincent77$ python3 -m unittest -v test_susiiot.TestHandler.test_get_susi_information
test_get_susi_information (test_susiiot.TestHandler) ... ERROR

======================================================================
ERROR: test_get_susi_information (test_susiiot.TestHandler)
----------------------------------------------------------------------
Traceback (most recent call last):
  File "/home/advantech/kengwei/vincent77/test_susiiot.py", line 8, in test_get_susi_information
    handler = susiiot.SusiIot()
  File "/home/advantech/kengwei/vincent77/susiiot.py", line 9, in __init__
    self.susi_iot_library = ctypes.CDLL(susi_iot_library_path)
  File "/usr/lib/python3.6/ctypes/__init__.py", line 348, in __init__
    self._handle = _dlopen(self._name, mode)
OSError: ./libSusiIoTArm.so: cannot open shared object file: No such file or directory

----------------------------------------------------------------------
Ran 1 test in 0.002s

FAILED (errors=1)
advantech@advantech-machine:~/kengwei/vincent77$ python3 -m unittest -v test_susiiot.TestHandler.test_get_susi_information
test_get_susi_information (test_susiiot.TestHandler) ... ERROR

======================================================================
ERROR: test_get_susi_information (test_susiiot.TestHandler)
----------------------------------------------------------------------
Traceback (most recent call last):
  File "/home/advantech/kengwei/vincent77/test_susiiot.py", line 8, in test_get_susi_information
    handler = susiiot.SusiIot()
  File "/home/advantech/kengwei/vincent77/susiiot.py", line 9, in __init__
    self.susi_iot_library = ctypes.CDLL(susi_iot_library_path)
  File "/usr/lib/python3.6/ctypes/__init__.py", line 348, in __init__
    self._handle = _dlopen(self._name, mode)
OSError: ./libSusiIoT.so: cannot open shared object file: No such file or directory

----------------------------------------------------------------------
Ran 1 test in 0.002s

FAILED (errors=1)
advantech@advantech-machine:~/kengwei/vincent77$ python3 -m unittest -v test_susiiot.TestHandler.test_get_susi_information
test_get_susi_information (test_susiiot.TestHandler) ... ERROR

======================================================================
ERROR: test_get_susi_information (test_susiiot.TestHandler)
----------------------------------------------------------------------
Traceback (most recent call last):
  File "/home/advantech/kengwei/vincent77/test_susiiot.py", line 8, in test_get_susi_information
    handler = susiiot.SusiIot()
  File "/home/advantech/kengwei/vincent77/susiiot.py", line 9, in __init__
    self.susi_iot_library = ctypes.CDLL(susi_iot_library_path)
  File "/usr/lib/python3.6/ctypes/__init__.py", line 348, in __init__
    self._handle = _dlopen(self._name, mode)
OSError: ./libSusiIoT.so: cannot open shared object file: No such file or directory

----------------------------------------------------------------------
Ran 1 test in 0.002s

FAILED (errors=1)
advantech@advantech-machine:~/kengwei/vincent77$ ls
SOM-3569_SUSI5.0.23985_Release_2024_05_20_ubuntu22.04_x64.tar.gz  __pycache__           result.txt          test_susi4.py
SUSI4.2.23737                                                     libEAPI_linux-x86_64  run_single_test.sh  test_susiiot.py
SUSI4.2.24139                                                     libSusiIoT.so         setting.sh
SUSI5.0.23985                                                     libjansson.so.4       susi4.py
SUSI5.0.24139                                                     no_sudo_result.txt    susiiot.py
advantech@advantech-machine:~/kengwei/vincent77$ chmod 777 libSusiIoT.so libjansson.so.4
advantech@advantech-machine:~/kengwei/vincent77$ echo $LD_LIBRARY_PATH
/home/advantech/kengwei/vincent77:/home/sysuser/lib:/opt/jdk1.8.0_172/jre/lib/i386/client:/opt/jdk1.8.0_172/jre/lib/i386
advantech@advantech-machine:~/kengwei/vincent77$ export LD_LIBRARY_PATH=
advantech@advantech-machine:~/kengwei/vincent77$ echo $LD_LIBRARY_PATH

advantech@advantech-machine:~/kengwei/vincent77$ export LD_LIBRARY_PATH=$(pwd):$LD_LIBRARY_PATH
advantech@advantech-machine:~/kengwei/vincent77$ echo $LD_LIBRARY_PATH
/home/advantech/kengwei/vincent77:
advantech@advantech-machine:~/kengwei/vincent77$ python3 -m unittest -v test_susiiot.TestHandler.test_get_susi_information
test_get_susi_information (test_susiiot.TestHandler) ... ERROR

======================================================================
ERROR: test_get_susi_information (test_susiiot.TestHandler)
----------------------------------------------------------------------
Traceback (most recent call last):
  File "/home/advantech/kengwei/vincent77/test_susiiot.py", line 8, in test_get_susi_information
    handler = susiiot.SusiIot()
  File "/home/advantech/kengwei/vincent77/susiiot.py", line 9, in __init__
    self.susi_iot_library = ctypes.CDLL(susi_iot_library_path)
  File "/usr/lib/python3.6/ctypes/__init__.py", line 348, in __init__
    self._handle = _dlopen(self._name, mode)
OSError: ./libSusiIoT.so: cannot open shared object file: No such file or directory

----------------------------------------------------------------------
Ran 1 test in 0.002s

FAILED (errors=1)
advantech@advantech-machine:~/kengwei/vincent77$ ls
SOM-3569_SUSI5.0.23985_Release_2024_05_20_ubuntu22.04_x64.tar.gz  __pycache__           result.txt          test_susi4.py
SUSI4.2.23737                                                     libEAPI_linux-x86_64  run_single_test.sh  test_susiiot.py
SUSI4.2.24139                                                     libSusiIoT.so         setting.sh
SUSI5.0.23985                                                     libjansson.so.4       susi4.py
SUSI5.0.24139                                                     no_sudo_result.txt    susiiot.py
advantech@advantech-machine:~/kengwei/vincent77$ cd SUSI5.0.24139/
advantech@advantech-machine:~/kengwei/vincent77/SUSI5.0.24139$ cd Driver/
advantech@advantech-machine:~/kengwei/vincent77/SUSI5.0.24139/Driver$ sudo ./install
[sudo] password for advantech:
advantech@advantech-machine:~/kengwei/vincent77/SUSI5.0.24139/Driver$ sudo ./install
install.sh              install_SusiService.sh
advantech@advantech-machine:~/kengwei/vincent77/SUSI5.0.24139/Driver$ sudo ./install.sh
[sudo] password for advantech:
Failed to stop susi_api_server.service: Unit susi_api_server.service not loaded.
Failed to disable unit: Unit file susi_api_server.service does not exist.
rm: cannot remove '/etc/Advantech/susi/service/': No such file or directory
rm: cannot remove '/opt/Advantech/susi/service/': No such file or directory
*****************************************************************
*                SOFTWARE SUSI LICENSE AGREEMENT                *
* Please carefully read the terms and conditions in license.rtf.*
* Do you agree with above patent declaration?                   *
*****************************************************************
  [Y] Yes, I agree.  [N] No, I don't agree.
Y
Install SUSI AI service.
Created symlink /etc/systemd/system/multi-user.target.wants/susi_api_server.service  /etc/systemd/system/susi_api_server.service.
Install SUSI library.
        libjansson.so.4 (libc6,x86-64) => /usr/lib/x86_64-linux-gnu/libjansson.so.4
advantech@advantech-machine:~/kengwei/vincent77/SUSI5.0.24139/Driver$ cd ../../
advantech@advantech-machine:~/kengwei/vincent77$ python3 -m unittest -v test_susiiot.TestHandler.test_get_susi_information
test_get_susi_information (test_susiiot.TestHandler) ... ERROR

======================================================================
ERROR: test_get_susi_information (test_susiiot.TestHandler)
----------------------------------------------------------------------
Traceback (most recent call last):
  File "/home/advantech/kengwei/vincent77/test_susiiot.py", line 8, in test_get_susi_information
    handler = susiiot.SusiIot()
  File "/home/advantech/kengwei/vincent77/susiiot.py", line 9, in __init__
    self.susi_iot_library = ctypes.CDLL(susi_iot_library_path)
  File "/usr/lib/python3.6/ctypes/__init__.py", line 348, in __init__
    self._handle = _dlopen(self._name, mode)
OSError: ./libSusiIoT.so: cannot open shared object file: No such file or directory

----------------------------------------------------------------------
Ran 1 test in 0.002s

FAILED (errors=1)
advantech@advantech-machine:~/kengwei/vincent77$ ls
SOM-3569_SUSI5.0.23985_Release_2024_05_20_ubuntu22.04_x64.tar.gz  __pycache__           result.txt          test_susi4.py
SUSI4.2.23737                                                     libEAPI_linux-x86_64  run_single_test.sh  test_susiiot.py
SUSI4.2.24139                                                     libSusiIoT.so         setting.sh
SUSI5.0.23985                                                     libjansson.so.4       susi4.py
SUSI5.0.24139                                                     no_sudo_result.txt    susiiot.py
advantech@advantech-machine:~/kengwei/vincent77$
advantech@advantech-machine:~/kengwei/vincent77$
advantech@advantech-machine:~/kengwei/vincent77$ file libSusiIoT.so
libSusiIoT.so: ELF 64-bit LSB shared object, ARM aarch64, version 1 (SYSV), dynamically linked, BuildID[sha1]=0b433db07d6b0be18f2de320ecfbf447b3910cd7, stripped
advantech@advantech-machine:~/kengwei/vincent77$ docker ps -a
CONTAINER ID   IMAGE     COMMAND   CREATED   STATUS    PORTS     NAMES
advantech@advantech-machine:~/kengwei/vincent77$ file libSusiIoT.so
libSusiIoT.so: ELF 64-bit LSB shared object, ARM aarch64, version 1 (SYSV), dynamically linked, BuildID[sha1]=0b433db07d6b0be18f2de320ecfbf447b3910cd7, stripped
advantech@advantech-machine:~/kengwei/vincent77$ python3 -m unittest -v test_susiiot.TestHandler.test_get_susi_information
test_get_susi_information (test_susiiot.TestHandler) ... ERROR

======================================================================
ERROR: test_get_susi_information (test_susiiot.TestHandler)
----------------------------------------------------------------------
Traceback (most recent call last):
  File "/home/advantech/kengwei/vincent77/test_susiiot.py", line 8, in test_get_susi_information
    handler = susiiot.SusiIot()
  File "/home/advantech/kengwei/vincent77/susiiot.py", line 9, in __init__
    self.susi_iot_library = ctypes.CDLL(susi_iot_library_path)
  File "/usr/lib/python3.6/ctypes/__init__.py", line 348, in __init__
    self._handle = _dlopen(self._name, mode)
OSError: ./libSusiIoT.so: cannot open shared object file: No such file or directory

----------------------------------------------------------------------
Ran 1 test in 0.002s

FAILED (errors=1)
advantech@advantech-machine:~/kengwei/vincent77$ python3 -m unittest -v test_susiiot.TestHandler.test_get_susi_information
test_get_susi_information (test_susiiot.TestHandler) ... ERROR

======================================================================
ERROR: test_get_susi_information (test_susiiot.TestHandler)
----------------------------------------------------------------------
Traceback (most recent call last):
  File "/home/advantech/kengwei/vincent77/test_susiiot.py", line 8, in test_get_susi_information
    handler = susiiot.SusiIot()
  File "/home/advantech/kengwei/vincent77/susiiot.py", line 9, in __init__
    self.susi_iot_library = ctypes.CDLL(susi_iot_library_path)
  File "/usr/lib/python3.6/ctypes/__init__.py", line 348, in __init__
    self._handle = _dlopen(self._name, mode)
OSError: libSusiIoT.so: cannot open shared object file: No such file or directory

----------------------------------------------------------------------
Ran 1 test in 0.002s

FAILED (errors=1)
advantech@advantech-machine:~/kengwei/vincent77$ ls
SOM-3569_SUSI5.0.23985_Release_2024_05_20_ubuntu22.04_x64.tar.gz  __pycache__           result.txt          test_susi4.py
SUSI4.2.23737                                                     libEAPI_linux-x86_64  run_single_test.sh  test_susiiot.py
SUSI4.2.24139                                                     libSusiIoT.so         setting.sh
SUSI5.0.23985                                                     libjansson.so.4       susi4.py
SUSI5.0.24139                                                     no_sudo_result.txt    susiiot.py
advantech@advantech-machine:~/kengwei/vincent77$ chmod 777  libSusiIoT.so libjansson.so.4
advantech@advantech-machine:~/kengwei/vincent77$ python3 -m unittest -v test_susiiot.TestHandler.test_get_susi_information
test_get_susi_information (test_susiiot.TestHandler) ... ERROR

======================================================================
ERROR: test_get_susi_information (test_susiiot.TestHandler)
----------------------------------------------------------------------
Traceback (most recent call last):
  File "/home/advantech/kengwei/vincent77/test_susiiot.py", line 8, in test_get_susi_information
    handler = susiiot.SusiIot()
  File "/home/advantech/kengwei/vincent77/susiiot.py", line 9, in __init__
    self.susi_iot_library = ctypes.CDLL(susi_iot_library_path)
  File "/usr/lib/python3.6/ctypes/__init__.py", line 348, in __init__
    self._handle = _dlopen(self._name, mode)
OSError: ./libSusiIoT.so: cannot open shared object file: No such file or directory

----------------------------------------------------------------------
Ran 1 test in 0.002s

FAILED (errors=1)
advantech@advantech-machine:~/kengwei/vincent77$ echo $LD_LIBRARY_PATH
/home/advantech/kengwei/vincent77:
advantech@advantech-machine:~/kengwei/vincent77$ export LD_LIBRARY_PATH=/home/advantech/kengwei/vincent77
advantech@advantech-machine:~/kengwei/vincent77$ echo $LD_LIBRARY_PATH
/home/advantech/kengwei/vincent77
advantech@advantech-machine:~/kengwei/vincent77$ python3 -m unittest -v test_susiiot.TestHandler.test_get_susi_information
test_get_susi_information (test_susiiot.TestHandler) ... ERROR

======================================================================
ERROR: test_get_susi_information (test_susiiot.TestHandler)
----------------------------------------------------------------------
Traceback (most recent call last):
  File "/home/advantech/kengwei/vincent77/test_susiiot.py", line 8, in test_get_susi_information
    handler = susiiot.SusiIot()
  File "/home/advantech/kengwei/vincent77/susiiot.py", line 9, in __init__
    self.susi_iot_library = ctypes.CDLL(susi_iot_library_path)
  File "/usr/lib/python3.6/ctypes/__init__.py", line 348, in __init__
    self._handle = _dlopen(self._name, mode)
OSError: ./libSusiIoT.so: cannot open shared object file: No such file or directory

----------------------------------------------------------------------
Ran 1 test in 0.002s

FAILED (errors=1)
advantech@advantech-machine:~/kengwei/vincent77$ ls -l ./libSusiIoT.so
-rwxrwxrwx 1 advantech advantech 106232 Feb 24 14:26 ./libSusiIoT.so
advantech@advantech-machine:~/kengwei/vincent77$ ldd ./libSusiIoT.so
        not a dynamic executable
advantech@advantech-machine:~/kengwei/vincent77$ file ./libSusiIoT.so
./libSusiIoT.so: ELF 64-bit LSB shared object, ARM aarch64, version 1 (SYSV), dynamically linked, BuildID[sha1]=0b433db07d6b0be18f2de320ecfbf447b3910cd7, stripped
advantech@advantech-machine:~/kengwei/vincent77$
advantech@advantech-machine:~/kengwei/vincent77$
advantech@advantech-machine:~/kengwei/vincent77$ python3 -m unittest -v test_susiiot.TestHandler.test_get_susi_information
test_get_susi_information (test_susiiot.TestHandler) ... ERROR

======================================================================
ERROR: test_get_susi_information (test_susiiot.TestHandler)
----------------------------------------------------------------------
Traceback (most recent call last):
  File "/home/advantech/kengwei/vincent77/test_susiiot.py", line 8, in test_get_susi_information
    handler = susiiot.SusiIot()
  File "/home/advantech/kengwei/vincent77/susiiot.py", line 10, in __init__
    self.susi_iot_library = ctypes.CDLL(susi_iot_library_path)
  File "/usr/lib/python3.6/ctypes/__init__.py", line 348, in __init__
    self._handle = _dlopen(self._name, mode)
OSError: ./SUSI4.2.24139/SUSIIoTDEMO/demo/libSusiIoT.4: cannot open shared object file: No such file or directory

----------------------------------------------------------------------
Ran 1 test in 0.002s

FAILED (errors=1)
advantech@advantech-machine:~/kengwei/vincent77$
advantech@advantech-machine:~/kengwei/vincent77$  python3 test_susiiot.py
ssEEE
======================================================================
ERROR: test_get_id_list (__main__.TestHandler)
----------------------------------------------------------------------
Traceback (most recent call last):
  File "test_susiiot.py", line 14, in test_get_id_list
    handler = susiiot.SusiIot()
  File "/home/advantech/kengwei/vincent77/susiiot.py", line 10, in __init__
    self.susi_iot_library = ctypes.CDLL(susi_iot_library_path)
  File "/usr/lib/python3.6/ctypes/__init__.py", line 348, in __init__
    self._handle = _dlopen(self._name, mode)
OSError: ./SUSI4.2.24139/SUSIIoTDEMO/demo/libSusiIoT.4: cannot open shared object file: No such file or directory

======================================================================
ERROR: test_get_susi_information (__main__.TestHandler)
----------------------------------------------------------------------
Traceback (most recent call last):
  File "test_susiiot.py", line 8, in test_get_susi_information
    handler = susiiot.SusiIot()
  File "/home/advantech/kengwei/vincent77/susiiot.py", line 10, in __init__
    self.susi_iot_library = ctypes.CDLL(susi_iot_library_path)
  File "/usr/lib/python3.6/ctypes/__init__.py", line 348, in __init__
    self._handle = _dlopen(self._name, mode)
OSError: ./SUSI4.2.24139/SUSIIoTDEMO/demo/libSusiIoT.4: cannot open shared object file: No such file or directory

======================================================================
ERROR: test_get_susi_json_t (__main__.TestHandler)
----------------------------------------------------------------------
Traceback (most recent call last):
  File "test_susiiot.py", line 19, in test_get_susi_json_t
    handler = susiiot.SusiIot()
  File "/home/advantech/kengwei/vincent77/susiiot.py", line 10, in __init__
    self.susi_iot_library = ctypes.CDLL(susi_iot_library_path)
  File "/usr/lib/python3.6/ctypes/__init__.py", line 348, in __init__
    self._handle = _dlopen(self._name, mode)
OSError: ./SUSI4.2.24139/SUSIIoTDEMO/demo/libSusiIoT.4: cannot open shared object file: No such file or directory

----------------------------------------------------------------------
Ran 5 tests in 0.003s

FAILED (errors=3, skipped=2)
advantech@advantech-machine:~/kengwei/vincent77$
advantech@advantech-machine:~/kengwei/vincent77$
advantech@advantech-machine:~/kengwei/vincent77$
advantech@advantech-machine:~/kengwei/vincent77$ git status
On branch master
Your branch is ahead of 'origin/master' by 1 commit.
  (use "git push" to publish your local commits)

nothing to commit, working tree clean
advantech@advantech-machine:~/kengwei/vincent77$ git log --oneline -10
8f83e27 (HEAD -> master) add SUSI5 2.4
407aab6 (origin/master, origin/HEAD) add x86 linux susi iot
36785ce rename ARM .so files
9998655 update format
0747513 remove library files
3b8a61d remove files
7945885 add platform SDK
b242d06 add susi4 implement
aadfe30 add jems update code on github
5c6c1ee todo, SusiIoTGetPFDataStringByUri not successful
advantech@advantech-machine:~/kengwei/vincent77$ git push origin master
Enter passphrase for key '/home/advantech/.ssh/id_rsa':
Counting objects: 128, done.
Delta compression using up to 4 threads.
Compressing objects: 100% (123/123), done.
Writing objects: 100% (128/128), 1.14 MiB | 1.74 MiB/s, done.
Total 128 (delta 30), reused 0 (delta 0)
remote: Resolving deltas: 100% (30/30), completed with 5 local objects.
To github.com:likevintw/vincent77.git
   407aab6..8f83e27  master -> master
advantech@advantech-machine:~/kengwei/vincent77$ git checkout 407aab6
Note: checking out '407aab6'.

You are in 'detached HEAD' state. You can look around, make experimental
changes and commit them, and you can discard any commits you make in this
state without impacting any branches by performing another checkout.

If you want to create a new branch to retain commits you create, you may
do so (now or later) by using -b with the checkout command again. Example:

  git checkout -b <new-branch-name>

HEAD is now at 407aab6 add x86 linux susi iot
advantech@advantech-machine:~/kengwei/vincent77$ git branch -a
* (HEAD detached at 407aab6)
  master
  remotes/origin/HEAD -> origin/master
  remotes/origin/master
advantech@advantech-machine:~/kengwei/vincent77$ ls
SOM-3569_SUSI5.0.23985_Release_2024_05_20_ubuntu22.04_x64.tar.gz  __pycache__           libjanssonArm.so.4  susiiot.py
SUSI4.2.23737                                                     libEAPI_linux-x86_64  no_sudo_result.txt  test_susi4.py
SUSI4.2.24139                                                     libSUSI-4-Arm.00.so   result.txt          test_susiiot.py
SUSI5.0.24139                                                     libSusiIoTArm.so      susi4.py
advantech@advantech-machine:~/kengwei/vincent77$ git checkout master
Previous HEAD position was 407aab6 add x86 linux susi iot
Switched to branch 'master'
Your branch is up to date with 'origin/master'.
advantech@advantech-machine:~/kengwei/vincent77$ git checkout -b temp
Switched to a new branch 'temp'
advantech@advantech-machine:~/kengwei/vincent77$ git log --oneline -10
8f83e27 (HEAD -> temp, origin/master, origin/HEAD, master) add SUSI5 2.4
407aab6 add x86 linux susi iot
36785ce rename ARM .so files
9998655 update format
0747513 remove library files
3b8a61d remove files
7945885 add platform SDK
b242d06 add susi4 implement
aadfe30 add jems update code on github
5c6c1ee todo, SusiIoTGetPFDataStringByUri not successful
advantech@advantech-machine:~/kengwei/vincent77$ git reset --hard 9998655
HEAD is now at 9998655 update format
advantech@advantech-machine:~/kengwei/vincent77$ python3 test_susiiot.py
ssEEE
======================================================================
ERROR: test_get_id_list (__main__.TestHandler)
----------------------------------------------------------------------
Traceback (most recent call last):
  File "test_susiiot.py", line 14, in test_get_id_list
    handler = susiiot.SusiIot()
  File "/home/advantech/kengwei/vincent77/susiiot.py", line 9, in __init__
    self.susi_iot_library = ctypes.CDLL(susi_iot_library_path)
  File "/usr/lib/python3.6/ctypes/__init__.py", line 348, in __init__
    self._handle = _dlopen(self._name, mode)
OSError: libSusiIoT.so: cannot open shared object file: No such file or directory

======================================================================
ERROR: test_get_susi_information (__main__.TestHandler)
----------------------------------------------------------------------
Traceback (most recent call last):
  File "test_susiiot.py", line 8, in test_get_susi_information
    handler = susiiot.SusiIot()
  File "/home/advantech/kengwei/vincent77/susiiot.py", line 9, in __init__
    self.susi_iot_library = ctypes.CDLL(susi_iot_library_path)
  File "/usr/lib/python3.6/ctypes/__init__.py", line 348, in __init__
    self._handle = _dlopen(self._name, mode)
OSError: libSusiIoT.so: cannot open shared object file: No such file or directory

======================================================================
ERROR: test_get_susi_json_t (__main__.TestHandler)
----------------------------------------------------------------------
Traceback (most recent call last):
  File "test_susiiot.py", line 19, in test_get_susi_json_t
    handler = susiiot.SusiIot()
  File "/home/advantech/kengwei/vincent77/susiiot.py", line 9, in __init__
    self.susi_iot_library = ctypes.CDLL(susi_iot_library_path)
  File "/usr/lib/python3.6/ctypes/__init__.py", line 348, in __init__
    self._handle = _dlopen(self._name, mode)
OSError: libSusiIoT.so: cannot open shared object file: No such file or directory

----------------------------------------------------------------------
Ran 5 tests in 0.004s

FAILED (errors=3, skipped=2)
advantech@advantech-machine:~/kengwei/vincent77$ export LD_LIBRARY_PATH=$(pwd):$LD_LIBRARY_PATH
advantech@advantech-machine:~/kengwei/vincent77$ python3 test_susiiot.py
ssEEE
======================================================================
ERROR: test_get_id_list (__main__.TestHandler)
----------------------------------------------------------------------
Traceback (most recent call last):
  File "test_susiiot.py", line 14, in test_get_id_list
    handler = susiiot.SusiIot()
  File "/home/advantech/kengwei/vincent77/susiiot.py", line 9, in __init__
    self.susi_iot_library = ctypes.CDLL(susi_iot_library_path)
  File "/usr/lib/python3.6/ctypes/__init__.py", line 348, in __init__
    self._handle = _dlopen(self._name, mode)
OSError: libSusiIoT.so: cannot open shared object file: No such file or directory

======================================================================
ERROR: test_get_susi_information (__main__.TestHandler)
----------------------------------------------------------------------
Traceback (most recent call last):
  File "test_susiiot.py", line 8, in test_get_susi_information
    handler = susiiot.SusiIot()
  File "/home/advantech/kengwei/vincent77/susiiot.py", line 9, in __init__
    self.susi_iot_library = ctypes.CDLL(susi_iot_library_path)
  File "/usr/lib/python3.6/ctypes/__init__.py", line 348, in __init__
    self._handle = _dlopen(self._name, mode)
OSError: libSusiIoT.so: cannot open shared object file: No such file or directory

======================================================================
ERROR: test_get_susi_json_t (__main__.TestHandler)
----------------------------------------------------------------------
Traceback (most recent call last):
  File "test_susiiot.py", line 19, in test_get_susi_json_t
    handler = susiiot.SusiIot()
  File "/home/advantech/kengwei/vincent77/susiiot.py", line 9, in __init__
    self.susi_iot_library = ctypes.CDLL(susi_iot_library_path)
  File "/usr/lib/python3.6/ctypes/__init__.py", line 348, in __init__
    self._handle = _dlopen(self._name, mode)
OSError: libSusiIoT.so: cannot open shared object file: No such file or directory

----------------------------------------------------------------------
Ran 5 tests in 0.004s

FAILED (errors=3, skipped=2)
advantech@advantech-machine:~/kengwei/vincent77$